Archive member included to satisfy reference by file (symbol)

/Applications/Ac6/SystemWorkbench.app/Contents/Eclipse/plugins/fr.ac6.mcu.externaltools.arm-none.macos64_1.6.0.201601291255/tools/compiler/bin/../lib/gcc/arm-none-eabi/5.2.1/../../../../arm-none-eabi/lib/armv7e-m/fpu/libc_nano.a(lib_a-exit.o)
                              /Applications/Ac6/SystemWorkbench.app/Contents/Eclipse/plugins/fr.ac6.mcu.externaltools.arm-none.macos64_1.6.0.201601291255/tools/compiler/bin/../lib/gcc/arm-none-eabi/5.2.1/../../../../arm-none-eabi/lib/armv7e-m/fpu/crt0.o (exit)
/Applications/Ac6/SystemWorkbench.app/Contents/Eclipse/plugins/fr.ac6.mcu.externaltools.arm-none.macos64_1.6.0.201601291255/tools/compiler/bin/../lib/gcc/arm-none-eabi/5.2.1/../../../../arm-none-eabi/lib/armv7e-m/fpu/libc_nano.a(lib_a-impure.o)
                              /Applications/Ac6/SystemWorkbench.app/Contents/Eclipse/plugins/fr.ac6.mcu.externaltools.arm-none.macos64_1.6.0.201601291255/tools/compiler/bin/../lib/gcc/arm-none-eabi/5.2.1/../../../../arm-none-eabi/lib/armv7e-m/fpu/libc_nano.a(lib_a-exit.o) (_global_impure_ptr)
/Applications/Ac6/SystemWorkbench.app/Contents/Eclipse/plugins/fr.ac6.mcu.externaltools.arm-none.macos64_1.6.0.201601291255/tools/compiler/bin/../lib/gcc/arm-none-eabi/5.2.1/../../../../arm-none-eabi/lib/armv7e-m/fpu/libc_nano.a(lib_a-init.o)
                              /Applications/Ac6/SystemWorkbench.app/Contents/Eclipse/plugins/fr.ac6.mcu.externaltools.arm-none.macos64_1.6.0.201601291255/tools/compiler/bin/../lib/gcc/arm-none-eabi/5.2.1/../../../../arm-none-eabi/lib/armv7e-m/fpu/crt0.o (__libc_init_array)
/Applications/Ac6/SystemWorkbench.app/Contents/Eclipse/plugins/fr.ac6.mcu.externaltools.arm-none.macos64_1.6.0.201601291255/tools/compiler/bin/../lib/gcc/arm-none-eabi/5.2.1/../../../../arm-none-eabi/lib/armv7e-m/fpu/libc_nano.a(lib_a-malloc.o)
                              Middlewares/USB_Host_Library/usbh_audio.o (malloc)
/Applications/Ac6/SystemWorkbench.app/Contents/Eclipse/plugins/fr.ac6.mcu.externaltools.arm-none.macos64_1.6.0.201601291255/tools/compiler/bin/../lib/gcc/arm-none-eabi/5.2.1/../../../../arm-none-eabi/lib/armv7e-m/fpu/libc_nano.a(lib_a-memcpy-stub.o)
                              Middlewares/USB_Host_Library/usbh_mtp.o (memcpy)
/Applications/Ac6/SystemWorkbench.app/Contents/Eclipse/plugins/fr.ac6.mcu.externaltools.arm-none.macos64_1.6.0.201601291255/tools/compiler/bin/../lib/gcc/arm-none-eabi/5.2.1/../../../../arm-none-eabi/lib/armv7e-m/fpu/libc_nano.a(lib_a-memset.o)
                              /Applications/Ac6/SystemWorkbench.app/Contents/Eclipse/plugins/fr.ac6.mcu.externaltools.arm-none.macos64_1.6.0.201601291255/tools/compiler/bin/../lib/gcc/arm-none-eabi/5.2.1/../../../../arm-none-eabi/lib/armv7e-m/fpu/crt0.o (memset)
/Applications/Ac6/SystemWorkbench.app/Contents/Eclipse/plugins/fr.ac6.mcu.externaltools.arm-none.macos64_1.6.0.201601291255/tools/compiler/bin/../lib/gcc/arm-none-eabi/5.2.1/../../../../arm-none-eabi/lib/armv7e-m/fpu/libc_nano.a(lib_a-nano-freer.o)
                              /Applications/Ac6/SystemWorkbench.app/Contents/Eclipse/plugins/fr.ac6.mcu.externaltools.arm-none.macos64_1.6.0.201601291255/tools/compiler/bin/../lib/gcc/arm-none-eabi/5.2.1/../../../../arm-none-eabi/lib/armv7e-m/fpu/libc_nano.a(lib_a-malloc.o) (_free_r)
/Applications/Ac6/SystemWorkbench.app/Contents/Eclipse/plugins/fr.ac6.mcu.externaltools.arm-none.macos64_1.6.0.201601291255/tools/compiler/bin/../lib/gcc/arm-none-eabi/5.2.1/../../../../arm-none-eabi/lib/armv7e-m/fpu/libc_nano.a(lib_a-nano-mallocr.o)
                              /Applications/Ac6/SystemWorkbench.app/Contents/Eclipse/plugins/fr.ac6.mcu.externaltools.arm-none.macos64_1.6.0.201601291255/tools/compiler/bin/../lib/gcc/arm-none-eabi/5.2.1/../../../../arm-none-eabi/lib/armv7e-m/fpu/libc_nano.a(lib_a-malloc.o) (_malloc_r)
/Applications/Ac6/SystemWorkbench.app/Contents/Eclipse/plugins/fr.ac6.mcu.externaltools.arm-none.macos64_1.6.0.201601291255/tools/compiler/bin/../lib/gcc/arm-none-eabi/5.2.1/../../../../arm-none-eabi/lib/armv7e-m/fpu/libc_nano.a(lib_a-sbrkr.o)
                              /Applications/Ac6/SystemWorkbench.app/Contents/Eclipse/plugins/fr.ac6.mcu.externaltools.arm-none.macos64_1.6.0.201601291255/tools/compiler/bin/../lib/gcc/arm-none-eabi/5.2.1/../../../../arm-none-eabi/lib/armv7e-m/fpu/libc_nano.a(lib_a-nano-mallocr.o) (_sbrk_r)
/Applications/Ac6/SystemWorkbench.app/Contents/Eclipse/plugins/fr.ac6.mcu.externaltools.arm-none.macos64_1.6.0.201601291255/tools/compiler/bin/../lib/gcc/arm-none-eabi/5.2.1/../../../../arm-none-eabi/lib/armv7e-m/fpu/libc_nano.a(lib_a-reent.o)
                              /Applications/Ac6/SystemWorkbench.app/Contents/Eclipse/plugins/fr.ac6.mcu.externaltools.arm-none.macos64_1.6.0.201601291255/tools/compiler/bin/../lib/gcc/arm-none-eabi/5.2.1/../../../../arm-none-eabi/lib/armv7e-m/fpu/libc_nano.a(lib_a-sbrkr.o) (errno)
[...]
Memory Configuration

Name             Origin             Length             Attributes
RAM              0x0000000020000000 0x0000000000020000 xrw
CCMRAM           0x0000000010000000 0x0000000000010000 rw
FLASH            0x0000000008000000 0x0000000000100000 xr
*default*        0x0000000000000000 0xffffffffffffffff

Linker script and memory map

LOAD /Applications/Ac6/SystemWorkbench.app/Contents/Eclipse/plugins/fr.ac6.mcu.externaltools.arm-none.macos64_1.6.0.201601291255/tools/compiler/bin/../lib/gcc/arm-none-eabi/5.2.1/armv7e-m/fpu/crti.o
LOAD /Applications/Ac6/SystemWorkbench.app/Contents/Eclipse/plugins/fr.ac6.mcu.externaltools.arm-none.macos64_1.6.0.201601291255/tools/compiler/bin/../lib/gcc/arm-none-eabi/5.2.1/armv7e-m/fpu/crtbegin.o
LOAD /Applications/Ac6/SystemWorkbench.app/Contents/Eclipse/plugins/fr.ac6.mcu.externaltools.arm-none.macos64_1.6.0.201601291255/tools/compiler/bin/../lib/gcc/arm-none-eabi/5.2.1/../../../../arm-none-eabi/lib/armv7e-m/fpu/crt0.o
LOAD /Applications/Ac6/SystemWorkbench.app/Contents/Eclipse/plugins/fr.ac6.mcu.externaltools.arm-none.macos64_1.6.0.201601291255/tools/compiler/bin/../lib/gcc/arm-none-eabi/5.2.1/../../../../arm-none-eabi/lib/armv7e-m/fpu/libm.a
LOAD Application/SW4STM32/startup_stm32f407xx.o
LOAD Application/User/main.o
LOAD Application/User/stm32f4xx_hal_msp.o
LOAD Application/User/stm32f4xx_it.o
LOAD Application/User/usb_host.o
LOAD Application/User/usbh_conf.o
LOAD Drivers/CMSIS/system_stm32f4xx.o
LOAD Drivers/STM32F4xx_HAL_Driver/stm32f4xx_hal.o
LOAD Drivers/STM32F4xx_HAL_Driver/stm32f4xx_hal_cortex.o
LOAD Drivers/STM32F4xx_HAL_Driver/stm32f4xx_hal_dma.o
LOAD Drivers/STM32F4xx_HAL_Driver/stm32f4xx_hal_dma_ex.o
LOAD Drivers/STM32F4xx_HAL_Driver/stm32f4xx_hal_flash.o
LOAD Drivers/STM32F4xx_HAL_Driver/stm32f4xx_hal_flash_ex.o
LOAD Drivers/STM32F4xx_HAL_Driver/stm32f4xx_hal_flash_ramfunc.o
LOAD Drivers/STM32F4xx_HAL_Driver/stm32f4xx_hal_gpio.o
LOAD Drivers/STM32F4xx_HAL_Driver/stm32f4xx_hal_hcd.o
LOAD Drivers/STM32F4xx_HAL_Driver/stm32f4xx_hal_pwr.o
LOAD Drivers/STM32F4xx_HAL_Driver/stm32f4xx_hal_pwr_ex.o
LOAD Drivers/STM32F4xx_HAL_Driver/stm32f4xx_hal_rcc.o
LOAD Drivers/STM32F4xx_HAL_Driver/stm32f4xx_hal_rcc_ex.o
LOAD Drivers/STM32F4xx_HAL_Driver/stm32f4xx_hal_tim.o
LOAD Drivers/STM32F4xx_HAL_Driver/stm32f4xx_hal_tim_ex.o
LOAD Drivers/STM32F4xx_HAL_Driver/stm32f4xx_ll_usb.o
LOAD Middlewares/USB_Host_Library/usbh_audio.o
LOAD Middlewares/USB_Host_Library/usbh_cdc.o
LOAD Middlewares/USB_Host_Library/usbh_core.o
LOAD Middlewares/USB_Host_Library/usbh_ctlreq.o
LOAD Middlewares/USB_Host_Library/usbh_hid.o
LOAD Middlewares/USB_Host_Library/usbh_hid_keybd.o
LOAD Middlewares/USB_Host_Library/usbh_hid_mouse.o
LOAD Middlewares/USB_Host_Library/usbh_hid_parser.o
LOAD Middlewares/USB_Host_Library/usbh_ioreq.o
LOAD Middlewares/USB_Host_Library/usbh_msc.o
LOAD Middlewares/USB_Host_Library/usbh_msc_bot.o
LOAD Middlewares/USB_Host_Library/usbh_msc_scsi.o
LOAD Middlewares/USB_Host_Library/usbh_mtp.o
LOAD Middlewares/USB_Host_Library/usbh_mtp_ptp.o
LOAD Middlewares/USB_Host_Library/usbh_pipes.o
START GROUP
LOAD /Applications/Ac6/SystemWorkbench.app/Contents/Eclipse/plugins/fr.ac6.mcu.externaltools.arm-none.macos64_1.6.0.201601291255/tools/compiler/bin/../lib/gcc/arm-none-eabi/5.2.1/armv7e-m/fpu/libgcc.a
LOAD /Applications/Ac6/SystemWorkbench.app/Contents/Eclipse/plugins/fr.ac6.mcu.externaltools.arm-none.macos64_1.6.0.201601291255/tools/compiler/bin/../lib/gcc/arm-none-eabi/5.2.1/../../../../arm-none-eabi/lib/armv7e-m/fpu/libc_nano.a
END GROUP
START GROUP
LOAD /Applications/Ac6/SystemWorkbench.app/Contents/Eclipse/plugins/fr.ac6.mcu.externaltools.arm-none.macos64_1.6.0.201601291255/tools/compiler/bin/../lib/gcc/arm-none-eabi/5.2.1/armv7e-m/fpu/libgcc.a
LOAD /Applications/Ac6/SystemWorkbench.app/Contents/Eclipse/plugins/fr.ac6.mcu.externaltools.arm-none.macos64_1.6.0.201601291255/tools/compiler/bin/../lib/gcc/arm-none-eabi/5.2.1/../../../../arm-none-eabi/lib/armv7e-m/fpu/libc_nano.a
LOAD /Applications/Ac6/SystemWorkbench.app/Contents/Eclipse/plugins/fr.ac6.mcu.externaltools.arm-none.macos64_1.6.0.201601291255/tools/compiler/bin/../lib/gcc/arm-none-eabi/5.2.1/../../../../arm-none-eabi/lib/armv7e-m/fpu/libnosys.a
END GROUP
START GROUP
LOAD /Applications/Ac6/SystemWorkbench.app/Contents/Eclipse/plugins/fr.ac6.mcu.externaltools.arm-none.macos64_1.6.0.201601291255/tools/compiler/bin/../lib/gcc/arm-none-eabi/5.2.1/armv7e-m/fpu/libgcc.a
LOAD /Applications/Ac6/SystemWorkbench.app/Contents/Eclipse/plugins/fr.ac6.mcu.externaltools.arm-none.macos64_1.6.0.201601291255/tools/compiler/bin/../lib/gcc/arm-none-eabi/5.2.1/../../../../arm-none-eabi/lib/armv7e-m/fpu/libc_nano.a
LOAD /Applications/Ac6/SystemWorkbench.app/Contents/Eclipse/plugins/fr.ac6.mcu.externaltools.arm-none.macos64_1.6.0.201601291255/tools/compiler/bin/../lib/gcc/arm-none-eabi/5.2.1/../../../../arm-none-eabi/lib/armv7e-m/fpu/libnosys.a
END GROUP
LOAD /Applications/Ac6/SystemWorkbench.app/Contents/Eclipse/plugins/fr.ac6.mcu.externaltools.arm-none.macos64_1.6.0.201601291255/tools/compiler/bin/../lib/gcc/arm-none-eabi/5.2.1/armv7e-m/fpu/crtend.o
LOAD /Applications/Ac6/SystemWorkbench.app/Contents/Eclipse/plugins/fr.ac6.mcu.externaltools.arm-none.macos64_1.6.0.201601291255/tools/compiler/bin/../lib/gcc/arm-none-eabi/5.2.1/armv7e-m/fpu/crtn.o
                0x0000000020020000                _estack = 0x20020000
                0x0000000000000200                _Min_Heap_Size = 0x200
                0x0000000000000400                _Min_Stack_Size = 0x400

.isr_vector     0x0000000008000000      0x188
                0x0000000008000000                . = ALIGN (0x4)
 *(.isr_vector)
 .isr_vector    0x0000000008000000      0x188 Application/SW4STM32/startup_stm32f407xx.o
                0x0000000008000000                g_pfnVectors
                0x0000000008000188                . = ALIGN (0x4)

.text           0x0000000008000188     0x55d0
                0x0000000008000188                . = ALIGN (0x4)
 *(.text)
 .text          0x0000000008000188       0xa4 /Applications/Ac6/SystemWorkbench.app/Contents/Eclipse/plugins/fr.ac6.mcu.externaltools.arm-none.macos64_1.6.0.201601291255/tools/compiler/bin/../lib/gcc/arm-none-eabi/5.2.1/armv7e-m/fpu/crtbegin.o
 *(.text*)
 .text.Reset_Handler
                0x000000000800022c       0x50 Application/SW4STM32/startup_stm32f407xx.o
                0x000000000800022c                Reset_Handler
 .text.Default_Handler
                0x000000000800027c        0x2 Application/SW4STM32/startup_stm32f407xx.o
                0x000000000800027c                DMA1_Stream3_IRQHandler
                0x000000000800027c                HASH_RNG_IRQHandler
                0x000000000800027c                EXTI2_IRQHandler
                0x000000000800027c                TIM8_CC_IRQHandler
                0x000000000800027c                DebugMon_Handler
                0x000000000800027c                TIM1_CC_IRQHandler
                0x000000000800027c                DMA2_Stream5_IRQHandler
                0x000000000800027c                HardFault_Handler
                0x000000000800027c                DMA1_Stream5_IRQHandler
                0x000000000800027c                PVD_IRQHandler
                0x000000000800027c                SDIO_IRQHandler
                0x000000000800027c                TAMP_STAMP_IRQHandler
                0x000000000800027c                PendSV_Handler
                0x000000000800027c                NMI_Handler
                0x000000000800027c                CAN2_RX1_IRQHandler
                0x000000000800027c                EXTI3_IRQHandler
                0x000000000800027c                TIM8_TRG_COM_TIM14_IRQHandler
                0x000000000800027c                TIM1_UP_TIM10_IRQHandler
                0x000000000800027c                TIM8_UP_TIM13_IRQHandler
                0x000000000800027c                I2C3_ER_IRQHandler
                0x000000000800027c                EXTI0_IRQHandler
                0x000000000800027c                I2C2_EV_IRQHandler
                0x000000000800027c                DMA1_Stream2_IRQHandler
                0x000000000800027c                CAN1_RX0_IRQHandler
                0x000000000800027c                FPU_IRQHandler
                0x000000000800027c                OTG_HS_WKUP_IRQHandler
                0x000000000800027c                UsageFault_Handler
                0x000000000800027c                CAN2_SCE_IRQHandler
                0x000000000800027c                DMA2_Stream2_IRQHandler
                0x000000000800027c                SPI1_IRQHandler
                0x000000000800027c                TIM6_DAC_IRQHandler
                0x000000000800027c                TIM1_BRK_TIM9_IRQHandler
                0x000000000800027c                DCMI_IRQHandler
                0x000000000800027c                CAN2_RX0_IRQHandler
                0x000000000800027c                DMA2_Stream3_IRQHandler
                0x000000000800027c                USART6_IRQHandler
                0x000000000800027c                USART3_IRQHandler
                0x000000000800027c                CAN1_RX1_IRQHandler
                0x000000000800027c                UART5_IRQHandler
                0x000000000800027c                DMA2_Stream0_IRQHandler
                0x000000000800027c                TIM4_IRQHandler
                0x000000000800027c                I2C1_EV_IRQHandler
                0x000000000800027c                DMA1_Stream6_IRQHandler
                0x000000000800027c                DMA1_Stream1_IRQHandler
                0x000000000800027c                UART4_IRQHandler
                0x000000000800027c                TIM3_IRQHandler
                0x000000000800027c                RCC_IRQHandler
                0x000000000800027c                TIM8_BRK_TIM12_IRQHandler
                0x000000000800027c                Default_Handler
                0x000000000800027c                EXTI15_10_IRQHandler
                0x000000000800027c                ADC_IRQHandler
                0x000000000800027c                DMA1_Stream7_IRQHandler
                0x000000000800027c                TIM7_IRQHandler
                0x000000000800027c                CAN2_TX_IRQHandler
                0x000000000800027c                TIM5_IRQHandler
                0x000000000800027c                DMA2_Stream7_IRQHandler
                0x000000000800027c                I2C3_EV_IRQHandler
                0x000000000800027c                EXTI9_5_IRQHandler
                0x000000000800027c                RTC_WKUP_IRQHandler
                0x000000000800027c                ETH_WKUP_IRQHandler
                0x000000000800027c                SPI2_IRQHandler
                0x000000000800027c                OTG_HS_EP1_IN_IRQHandler
                0x000000000800027c                MemManage_Handler
                0x000000000800027c                DMA1_Stream0_IRQHandler
                0x000000000800027c                CAN1_TX_IRQHandler
                0x000000000800027c                SVC_Handler
                0x000000000800027c                EXTI4_IRQHandler
                0x000000000800027c                FSMC_IRQHandler
                0x000000000800027c                ETH_IRQHandler
                0x000000000800027c                OTG_HS_EP1_OUT_IRQHandler
                0x000000000800027c                WWDG_IRQHandler
                0x000000000800027c                TIM2_IRQHandler
                0x000000000800027c                OTG_FS_WKUP_IRQHandler
                0x000000000800027c                TIM1_TRG_COM_TIM11_IRQHandler
                0x000000000800027c                OTG_HS_IRQHandler
                0x000000000800027c                EXTI1_IRQHandler
                0x000000000800027c                USART2_IRQHandler
                0x000000000800027c                I2C2_ER_IRQHandler
                0x000000000800027c                DMA2_Stream1_IRQHandler
                0x000000000800027c                CAN1_SCE_IRQHandler
                0x000000000800027c                FLASH_IRQHandler
                0x000000000800027c                DMA2_Stream4_IRQHandler
                0x000000000800027c                BusFault_Handler
                0x000000000800027c                USART1_IRQHandler
                0x000000000800027c                SPI3_IRQHandler
                0x000000000800027c                DMA1_Stream4_IRQHandler
                0x000000000800027c                I2C1_ER_IRQHandler
                0x000000000800027c                DMA2_Stream6_IRQHandler
                0x000000000800027c                RTC_Alarm_IRQHandler
 *fill*         0x000000000800027e        0x2 
 .text.SystemClock_Config
                0x0000000008000280       0xac Application/User/main.o
                0x0000000008000280                SystemClock_Config
 .text.startup.main
                0x000000000800032c      0x1dc Application/User/main.o
                0x000000000800032c                main
 .text.Error_Handler
                0x0000000008000508        0x2 Application/User/main.o
                0x0000000008000508                Error_Handler
 .text.HAL_MspInit
                0x000000000800050a       0x60 Application/User/stm32f4xx_hal_msp.o
                0x000000000800050a                HAL_MspInit
 .text.SysTick_Handler
                0x000000000800056a        0xe Application/User/stm32f4xx_it.o
                0x000000000800056a                SysTick_Handler
 .text.OTG_FS_IRQHandler
                0x0000000008000578        0xc Application/User/stm32f4xx_it.o
                0x0000000008000578                OTG_FS_IRQHandler
 .text.USBH_UserProcess
                0x0000000008000584       0x24 Application/User/usb_host.o
 .text.MX_USB_HOST_Init
                0x00000000080005a8       0x5c Application/User/usb_host.o
                0x00000000080005a8                MX_USB_HOST_Init
 .text.MX_USB_HOST_Process
                0x0000000008000604        0xc Application/User/usb_host.o
                0x0000000008000604                MX_USB_HOST_Process
 .text.HAL_HCD_MspInit
                0x0000000008000610       0x74 Application/User/usbh_conf.o
                0x0000000008000610                HAL_HCD_MspInit
 .text.HAL_HCD_SOF_Callback
                0x0000000008000684        0x8 Application/User/usbh_conf.o
                0x0000000008000684                HAL_HCD_SOF_Callback
 .text.HAL_HCD_Connect_Callback
                0x000000000800068c        0x8 Application/User/usbh_conf.o
                0x000000000800068c                HAL_HCD_Connect_Callback
 .text.HAL_HCD_Disconnect_Callback
                0x0000000008000694        0x8 Application/User/usbh_conf.o
                0x0000000008000694                HAL_HCD_Disconnect_Callback
 .text.HAL_HCD_HC_NotifyURBChange_Callback
                0x000000000800069c        0x2 Application/User/usbh_conf.o
                0x000000000800069c                HAL_HCD_HC_NotifyURBChange_Callback
 *fill*         0x000000000800069e        0x2 
 .text.USBH_LL_Init
                0x00000000080006a0       0x50 Application/User/usbh_conf.o
                0x00000000080006a0                USBH_LL_Init
 .text.USBH_LL_Start
                0x00000000080006f0       0x1c Application/User/usbh_conf.o
                0x00000000080006f0                USBH_LL_Start
 .text.USBH_LL_Stop
                0x000000000800070c       0x1c Application/User/usbh_conf.o
                0x000000000800070c                USBH_LL_Stop
 .text.USBH_LL_GetSpeed
                0x0000000008000728       0x1c Application/User/usbh_conf.o
                0x0000000008000728                USBH_LL_GetSpeed
 .text.USBH_LL_ResetPort
                0x0000000008000744       0x1c Application/User/usbh_conf.o
                0x0000000008000744                USBH_LL_ResetPort
 .text.USBH_LL_GetLastXferSize
                0x0000000008000760        0x8 Application/User/usbh_conf.o
                0x0000000008000760                USBH_LL_GetLastXferSize
 .text.USBH_LL_OpenPipe
                0x0000000008000768       0x30 Application/User/usbh_conf.o
                0x0000000008000768                USBH_LL_OpenPipe
 .text.USBH_LL_ClosePipe
                0x0000000008000798       0x1c Application/User/usbh_conf.o
                0x0000000008000798                USBH_LL_ClosePipe
 .text.USBH_LL_SubmitURB
                0x00000000080007b4       0x34 Application/User/usbh_conf.o
                0x00000000080007b4                USBH_LL_SubmitURB
 .text.USBH_LL_GetURBState
                0x00000000080007e8        0x8 Application/User/usbh_conf.o
                0x00000000080007e8                USBH_LL_GetURBState
 .text.USBH_LL_DriverVBUS
                0x00000000080007f0        0xc Application/User/usbh_conf.o
                0x00000000080007f0                USBH_LL_DriverVBUS
 .text.USBH_LL_SetToggle
                0x00000000080007fc       0x1e Application/User/usbh_conf.o
                0x00000000080007fc                USBH_LL_SetToggle
 .text.USBH_LL_GetToggle
                0x000000000800081a       0x1c Application/User/usbh_conf.o
                0x000000000800081a                USBH_LL_GetToggle
 .text.USBH_Delay
                0x0000000008000836        0x4 Application/User/usbh_conf.o
                0x0000000008000836                USBH_Delay
 *fill*         0x000000000800083a        0x2 
 .text.SystemInit
                0x000000000800083c       0x4c Drivers/CMSIS/system_stm32f4xx.o
                0x000000000800083c                SystemInit
 .text.HAL_InitTick
                0x0000000008000888       0x28 Drivers/STM32F4xx_HAL_Driver/stm32f4xx_hal.o
                0x0000000008000888                HAL_InitTick
 .text.HAL_Init
                0x00000000080008b0       0x34 Drivers/STM32F4xx_HAL_Driver/stm32f4xx_hal.o
                0x00000000080008b0                HAL_Init
 .text.HAL_IncTick
                0x00000000080008e4       0x10 Drivers/STM32F4xx_HAL_Driver/stm32f4xx_hal.o
                0x00000000080008e4                HAL_IncTick
 .text.HAL_GetTick
                0x00000000080008f4        0xc Drivers/STM32F4xx_HAL_Driver/stm32f4xx_hal.o
                0x00000000080008f4                HAL_GetTick
 .text.HAL_Delay
                0x0000000008000900       0x1a Drivers/STM32F4xx_HAL_Driver/stm32f4xx_hal.o
                0x0000000008000900                HAL_Delay
 *fill*         0x000000000800091a        0x2 
 .text.HAL_NVIC_SetPriorityGrouping
                0x000000000800091c       0x24 Drivers/STM32F4xx_HAL_Driver/stm32f4xx_hal_cortex.o
                0x000000000800091c                HAL_NVIC_SetPriorityGrouping
 .text.HAL_NVIC_SetPriority
                0x0000000008000940       0x68 Drivers/STM32F4xx_HAL_Driver/stm32f4xx_hal_cortex.o
                0x0000000008000940                HAL_NVIC_SetPriority
 .text.HAL_NVIC_EnableIRQ
                0x00000000080009a8       0x18 Drivers/STM32F4xx_HAL_Driver/stm32f4xx_hal_cortex.o
                0x00000000080009a8                HAL_NVIC_EnableIRQ
 .text.HAL_SYSTICK_Config
                0x00000000080009c0       0x2c Drivers/STM32F4xx_HAL_Driver/stm32f4xx_hal_cortex.o
                0x00000000080009c0                HAL_SYSTICK_Config
 .text.HAL_SYSTICK_CLKSourceConfig
                0x00000000080009ec       0x18 Drivers/STM32F4xx_HAL_Driver/stm32f4xx_hal_cortex.o
                0x00000000080009ec                HAL_SYSTICK_CLKSourceConfig
 .text.HAL_SYSTICK_Callback
                0x0000000008000a04        0x2 Drivers/STM32F4xx_HAL_Driver/stm32f4xx_hal_cortex.o
                0x0000000008000a04                HAL_SYSTICK_Callback
 .text.HAL_SYSTICK_IRQHandler
                0x0000000008000a06        0x8 Drivers/STM32F4xx_HAL_Driver/stm32f4xx_hal_cortex.o
                0x0000000008000a06                HAL_SYSTICK_IRQHandler
 *fill*         0x0000000008000a0e        0x2 
 .text.HAL_GPIO_Init
                0x0000000008000a10      0x1c0 Drivers/STM32F4xx_HAL_Driver/stm32f4xx_hal_gpio.o
                0x0000000008000a10                HAL_GPIO_Init
 .text.HAL_GPIO_WritePin
                0x0000000008000bd0        0x8 Drivers/STM32F4xx_HAL_Driver/stm32f4xx_hal_gpio.o
                0x0000000008000bd0                HAL_GPIO_WritePin
 .text.HAL_HCD_HC_Init
                0x0000000008000bd8       0x62 Drivers/STM32F4xx_HAL_Driver/stm32f4xx_hal_hcd.o
                0x0000000008000bd8                HAL_HCD_HC_Init
 .text.HAL_HCD_HC_Halt
                0x0000000008000c3a       0x24 Drivers/STM32F4xx_HAL_Driver/stm32f4xx_hal_hcd.o
                0x0000000008000c3a                HAL_HCD_HC_Halt
 .text.HAL_HCD_Init
                0x0000000008000c5e       0x78 Drivers/STM32F4xx_HAL_Driver/stm32f4xx_hal_hcd.o
                0x0000000008000c5e                HAL_HCD_Init
 .text.HAL_HCD_HC_SubmitRequest
                0x0000000008000cd6       0xf0 Drivers/STM32F4xx_HAL_Driver/stm32f4xx_hal_hcd.o
                0x0000000008000cd6                HAL_HCD_HC_SubmitRequest
 *fill*         0x0000000008000dc6        0x2 
 .text.HAL_HCD_IRQHandler
                0x0000000008000dc8      0x624 Drivers/STM32F4xx_HAL_Driver/stm32f4xx_hal_hcd.o
                0x0000000008000dc8                HAL_HCD_IRQHandler
 .text.HAL_HCD_Start
                0x00000000080013ec       0x2c Drivers/STM32F4xx_HAL_Driver/stm32f4xx_hal_hcd.o
                0x00000000080013ec                HAL_HCD_Start
 .text.HAL_HCD_Stop
                0x0000000008001418       0x24 Drivers/STM32F4xx_HAL_Driver/stm32f4xx_hal_hcd.o
                0x0000000008001418                HAL_HCD_Stop
 .text.HAL_HCD_ResetPort
                0x000000000800143c        0x6 Drivers/STM32F4xx_HAL_Driver/stm32f4xx_hal_hcd.o
                0x000000000800143c                HAL_HCD_ResetPort
 .text.HAL_HCD_HC_GetURBState
                0x0000000008001442        0xc Drivers/STM32F4xx_HAL_Driver/stm32f4xx_hal_hcd.o
                0x0000000008001442                HAL_HCD_HC_GetURBState
 .text.HAL_HCD_HC_GetXferCount
                0x000000000800144e        0xa Drivers/STM32F4xx_HAL_Driver/stm32f4xx_hal_hcd.o
                0x000000000800144e                HAL_HCD_HC_GetXferCount
 .text.HAL_HCD_GetCurrentFrame
                0x0000000008001458        0x6 Drivers/STM32F4xx_HAL_Driver/stm32f4xx_hal_hcd.o
                0x0000000008001458                HAL_HCD_GetCurrentFrame
 .text.HAL_HCD_GetCurrentSpeed
                0x000000000800145e        0x6 Drivers/STM32F4xx_HAL_Driver/stm32f4xx_hal_hcd.o
                0x000000000800145e                HAL_HCD_GetCurrentSpeed
 .text.HAL_RCC_OscConfig
                0x0000000008001464      0x31c Drivers/STM32F4xx_HAL_Driver/stm32f4xx_hal_rcc.o
                0x0000000008001464                HAL_RCC_OscConfig
 .text.HAL_RCC_GetSysClockFreq
                0x0000000008001780       0x7c Drivers/STM32F4xx_HAL_Driver/stm32f4xx_hal_rcc.o
                0x0000000008001780                HAL_RCC_GetSysClockFreq
 .text.HAL_RCC_ClockConfig
                0x00000000080017fc      0x168 Drivers/STM32F4xx_HAL_Driver/stm32f4xx_hal_rcc.o
                0x00000000080017fc                HAL_RCC_ClockConfig
 .text.HAL_RCC_GetHCLKFreq
                0x0000000008001964        0xc Drivers/STM32F4xx_HAL_Driver/stm32f4xx_hal_rcc.o
                0x0000000008001964                HAL_RCC_GetHCLKFreq
 .text.USB_CoreInit
                0x0000000008001970       0x6c Drivers/STM32F4xx_HAL_Driver/stm32f4xx_ll_usb.o
                0x0000000008001970                USB_CoreInit
 .text.USB_EnableGlobalInt
                0x00000000080019dc        0xc Drivers/STM32F4xx_HAL_Driver/stm32f4xx_ll_usb.o
                0x00000000080019dc                USB_EnableGlobalInt
 .text.USB_DisableGlobalInt
                0x00000000080019e8        0xc Drivers/STM32F4xx_HAL_Driver/stm32f4xx_ll_usb.o
                0x00000000080019e8                USB_DisableGlobalInt
 .text.USB_SetCurrentMode
                0x00000000080019f4       0x2c Drivers/STM32F4xx_HAL_Driver/stm32f4xx_ll_usb.o
                0x00000000080019f4                USB_SetCurrentMode
 .text.USB_FlushTxFifo
                0x0000000008001a20       0x24 Drivers/STM32F4xx_HAL_Driver/stm32f4xx_ll_usb.o
                0x0000000008001a20                USB_FlushTxFifo
 .text.USB_FlushRxFifo
                0x0000000008001a44       0x20 Drivers/STM32F4xx_HAL_Driver/stm32f4xx_ll_usb.o
                0x0000000008001a44                USB_FlushRxFifo
 .text.USB_WritePacket
                0x0000000008001a64       0x28 Drivers/STM32F4xx_HAL_Driver/stm32f4xx_ll_usb.o
                0x0000000008001a64                USB_WritePacket
 .text.USB_ReadPacket
                0x0000000008001a8c       0x1c Drivers/STM32F4xx_HAL_Driver/stm32f4xx_ll_usb.o
                0x0000000008001a8c                USB_ReadPacket
 .text.USB_ReadInterrupts
                0x0000000008001aa8        0x8 Drivers/STM32F4xx_HAL_Driver/stm32f4xx_ll_usb.o
                0x0000000008001aa8                USB_ReadInterrupts
 .text.USB_GetMode
                0x0000000008001ab0        0x8 Drivers/STM32F4xx_HAL_Driver/stm32f4xx_ll_usb.o
                0x0000000008001ab0                USB_GetMode
 .text.USB_CoreReset
                0x0000000008001ab8       0x30 Drivers/STM32F4xx_HAL_Driver/stm32f4xx_ll_usb.o
 .text.USB_HostInit
                0x0000000008001ae8       0xe4 Drivers/STM32F4xx_HAL_Driver/stm32f4xx_ll_usb.o
                0x0000000008001ae8                USB_HostInit
 .text.USB_InitFSLSPClkSel
                0x0000000008001bcc       0x3a Drivers/STM32F4xx_HAL_Driver/stm32f4xx_ll_usb.o
                0x0000000008001bcc                USB_InitFSLSPClkSel
 .text.USB_ResetPort
                0x0000000008001c06       0x32 Drivers/STM32F4xx_HAL_Driver/stm32f4xx_ll_usb.o
                0x0000000008001c06                USB_ResetPort
 .text.USB_DriveVbus
                0x0000000008001c38       0x3c Drivers/STM32F4xx_HAL_Driver/stm32f4xx_ll_usb.o
                0x0000000008001c38                USB_DriveVbus
 .text.USB_GetHostSpeed
                0x0000000008001c74       0x12 Drivers/STM32F4xx_HAL_Driver/stm32f4xx_ll_usb.o
                0x0000000008001c74                USB_GetHostSpeed
 .text.USB_GetCurrentFrame
                0x0000000008001c86        0xa Drivers/STM32F4xx_HAL_Driver/stm32f4xx_ll_usb.o
                0x0000000008001c86                USB_GetCurrentFrame
 .text.USB_HC_Init
                0x0000000008001c90       0xd4 Drivers/STM32F4xx_HAL_Driver/stm32f4xx_ll_usb.o
                0x0000000008001c90                USB_HC_Init
 .text.USB_HC_StartXfer
                0x0000000008001d64      0x27c Drivers/STM32F4xx_HAL_Driver/stm32f4xx_ll_usb.o
                0x0000000008001d64                USB_HC_StartXfer
 .text.USB_HC_ReadInterrupt
                0x0000000008001fe0       0x1e Drivers/STM32F4xx_HAL_Driver/stm32f4xx_ll_usb.o
                0x0000000008001fe0                USB_HC_ReadInterrupt
 .text.USB_HC_Halt
                0x0000000008001ffe      0x1c6 Drivers/STM32F4xx_HAL_Driver/stm32f4xx_ll_usb.o
                0x0000000008001ffe                USB_HC_Halt
 .text.USB_DoPing
                0x00000000080021c4       0x78 Drivers/STM32F4xx_HAL_Driver/stm32f4xx_ll_usb.o
                0x00000000080021c4                USB_DoPing
 .text.USB_StopHost
                0x000000000800223c      0x102 Drivers/STM32F4xx_HAL_Driver/stm32f4xx_ll_usb.o
                0x000000000800223c                USB_StopHost
 .text.USBH_AUDIO_SOFProcess
                0x000000000800233e        0x4 Middlewares/USB_Host_Library/usbh_audio.o
 .text.USBH_AUDIO_FindLinkedUnit
                0x0000000008002342       0xb8 Middlewares/USB_Host_Library/usbh_audio.o
 .text.USBH_AUDIO_InterfaceDeInit
                0x00000000080023fa       0x74 Middlewares/USB_Host_Library/usbh_audio.o
 .text.USBH_AUDIO_InterfaceInit
                0x000000000800246e      0x518 Middlewares/USB_Host_Library/usbh_audio.o
 .text.USBH_AUDIO_SetControlAttribute
                0x0000000008002986       0xb2 Middlewares/USB_Host_Library/usbh_audio.o
 .text.USBH_AUDIO_ClassRequest
                0x0000000008002a38      0x234 Middlewares/USB_Host_Library/usbh_audio.o
 .text.USBH_AUDIO_FrequencySet
                0x0000000008002c6c        0x2 Middlewares/USB_Host_Library/usbh_audio.o
                0x0000000008002c6c                USBH_AUDIO_FrequencySet
 .text.USBH_AUDIO_BufferEmptyCallback
                0x0000000008002c6e        0x2 Middlewares/USB_Host_Library/usbh_audio.o
                0x0000000008002c6e                USBH_AUDIO_BufferEmptyCallback
 .text.USBH_AUDIO_Process
                0x0000000008002c70      0x224 Middlewares/USB_Host_Library/usbh_audio.o
 .text.USBH_CDC_SOFProcess
                0x0000000008002e94        0x4 Middlewares/USB_Host_Library/usbh_cdc.o
 .text.USBH_CDC_InterfaceDeInit
                0x0000000008002e98       0x62 Middlewares/USB_Host_Library/usbh_cdc.o
 .text.USBH_CDC_InterfaceInit
                0x0000000008002efa      0x12a Middlewares/USB_Host_Library/usbh_cdc.o
 .text.USBH_CDC_ClassRequest
                0x0000000008003024       0x34 Middlewares/USB_Host_Library/usbh_cdc.o
 .text.USBH_CDC_TransmitCallback
                0x0000000008003058        0x2 Middlewares/USB_Host_Library/usbh_cdc.o
                0x0000000008003058                USBH_CDC_TransmitCallback
 .text.USBH_CDC_ReceiveCallback
                0x000000000800305a        0x2 Middlewares/USB_Host_Library/usbh_cdc.o
                0x000000000800305a                USBH_CDC_ReceiveCallback
 .text.USBH_CDC_LineCodingChanged
                0x000000000800305c        0x2 Middlewares/USB_Host_Library/usbh_cdc.o
                0x000000000800305c                USBH_CDC_LineCodingChanged
 .text.USBH_CDC_Process
                0x000000000800305e      0x174 Middlewares/USB_Host_Library/usbh_cdc.o
 .text.DeInitStateMachine
                0x00000000080031d2       0x4a Middlewares/USB_Host_Library/usbh_core.o
 .text.USBH_Init
                0x000000000800321c       0x2e Middlewares/USB_Host_Library/usbh_core.o
                0x000000000800321c                USBH_Init
 .text.USBH_RegisterClass
                0x000000000800324a       0x20 Middlewares/USB_Host_Library/usbh_core.o
                0x000000000800324a                USBH_RegisterClass
 .text.USBH_SelectInterface
                0x000000000800326a       0x12 Middlewares/USB_Host_Library/usbh_core.o
                0x000000000800326a                USBH_SelectInterface
 .text.USBH_FindInterface
                0x000000000800327c       0x3a Middlewares/USB_Host_Library/usbh_core.o
                0x000000000800327c                USBH_FindInterface
 .text.USBH_FindInterfaceIndex
                0x00000000080032b6       0x26 Middlewares/USB_Host_Library/usbh_core.o
                0x00000000080032b6                USBH_FindInterfaceIndex
 .text.USBH_Start
                0x00000000080032dc       0x14 Middlewares/USB_Host_Library/usbh_core.o
                0x00000000080032dc                USBH_Start
 .text.USBH_Process
                0x00000000080032f0      0x244 Middlewares/USB_Host_Library/usbh_core.o
                0x00000000080032f0                USBH_Process
 .text.USBH_LL_SetTimer
                0x0000000008003534        0x6 Middlewares/USB_Host_Library/usbh_core.o
                0x0000000008003534                USBH_LL_SetTimer
 .text.USBH_LL_IncTimer
                0x000000000800353a       0x1c Middlewares/USB_Host_Library/usbh_core.o
                0x000000000800353a                USBH_LL_IncTimer
 .text.USBH_LL_Connect
                0x0000000008003556       0x26 Middlewares/USB_Host_Library/usbh_core.o
                0x0000000008003556                USBH_LL_Connect
 .text.USBH_LL_Disconnect
                0x000000000800357c       0x38 Middlewares/USB_Host_Library/usbh_core.o
                0x000000000800357c                USBH_LL_Disconnect
 .text.USBH_GetNextDesc
                0x00000000080035b4        0xe Middlewares/USB_Host_Library/usbh_ctlreq.o
                0x00000000080035b4                USBH_GetNextDesc
 .text.USBH_CtlReq
                0x00000000080035c2      0x182 Middlewares/USB_Host_Library/usbh_ctlreq.o
                0x00000000080035c2                USBH_CtlReq
 .text.USBH_GetDescriptor
                0x0000000008003744       0x38 Middlewares/USB_Host_Library/usbh_ctlreq.o
                0x0000000008003744                USBH_GetDescriptor
 .text.USBH_Get_DevDesc
                0x000000000800377c       0xb2 Middlewares/USB_Host_Library/usbh_ctlreq.o
                0x000000000800377c                USBH_Get_DevDesc
 .text.USBH_Get_CfgDesc
                0x000000000800382e      0x13a Middlewares/USB_Host_Library/usbh_ctlreq.o
                0x000000000800382e                USBH_Get_CfgDesc
 .text.USBH_Get_StringDesc
                0x0000000008003968       0x4e Middlewares/USB_Host_Library/usbh_ctlreq.o
                0x0000000008003968                USBH_Get_StringDesc
 .text.USBH_SetAddress
                0x00000000080039b6       0x1c Middlewares/USB_Host_Library/usbh_ctlreq.o
                0x00000000080039b6                USBH_SetAddress
 .text.USBH_SetCfg
                0x00000000080039d2       0x1c Middlewares/USB_Host_Library/usbh_ctlreq.o
                0x00000000080039d2                USBH_SetCfg
 .text.USBH_SetInterface
                0x00000000080039ee       0x1c Middlewares/USB_Host_Library/usbh_ctlreq.o
                0x00000000080039ee                USBH_SetInterface
 .text.USBH_ClrFeature
                0x0000000008003a0a       0x1c Middlewares/USB_Host_Library/usbh_ctlreq.o
                0x0000000008003a0a                USBH_ClrFeature
 .text.USBH_HID_SOFProcess
                0x0000000008003a26       0x22 Middlewares/USB_Host_Library/usbh_hid.o
 .text.USBH_HID_InterfaceDeInit
                0x0000000008003a48       0x44 Middlewares/USB_Host_Library/usbh_hid.o
 .text.USBH_HID_InterfaceInit
                0x0000000008003a8c      0x120 Middlewares/USB_Host_Library/usbh_hid.o
 .text.USBH_HID_GetHIDReportDescriptor
                0x0000000008003bac       0x18 Middlewares/USB_Host_Library/usbh_hid.o
                0x0000000008003bac                USBH_HID_GetHIDReportDescriptor
 .text.USBH_HID_GetHIDDescriptor
                0x0000000008003bc4       0x18 Middlewares/USB_Host_Library/usbh_hid.o
                0x0000000008003bc4                USBH_HID_GetHIDDescriptor
 .text.USBH_HID_SetIdle
                0x0000000008003bdc       0x20 Middlewares/USB_Host_Library/usbh_hid.o
                0x0000000008003bdc                USBH_HID_SetIdle
 .text.USBH_HID_GetReport
                0x0000000008003bfc       0x24 Middlewares/USB_Host_Library/usbh_hid.o
                0x0000000008003bfc                USBH_HID_GetReport
 .text.USBH_HID_SetProtocol
                0x0000000008003c20       0x1c Middlewares/USB_Host_Library/usbh_hid.o
                0x0000000008003c20                USBH_HID_SetProtocol
 .text.USBH_HID_ClassRequest
                0x0000000008003c3c       0xac Middlewares/USB_Host_Library/usbh_hid.o
 .text.fifo_init
                0x0000000008003ce8        0xe Middlewares/USB_Host_Library/usbh_hid.o
                0x0000000008003ce8                fifo_init
 .text.fifo_write
                0x0000000008003cf6       0x58 Middlewares/USB_Host_Library/usbh_hid.o
                0x0000000008003cf6                fifo_write
 .text.USBH_HID_EventCallback
                0x0000000008003d4e        0x2 Middlewares/USB_Host_Library/usbh_hid.o
                0x0000000008003d4e                USBH_HID_EventCallback
 .text.USBH_HID_Process
                0x0000000008003d50       0xb4 Middlewares/USB_Host_Library/usbh_hid.o
 .text.USBH_HID_KeybdInit
                0x0000000008003e04       0x4c Middlewares/USB_Host_Library/usbh_hid_keybd.o
                0x0000000008003e04                USBH_HID_KeybdInit
 .text.USBH_HID_MouseInit
                0x0000000008003e50       0x44 Middlewares/USB_Host_Library/usbh_hid_mouse.o
                0x0000000008003e50                USBH_HID_MouseInit
 .text.USBH_CtlSendSetup
                0x0000000008003e94       0x22 Middlewares/USB_Host_Library/usbh_ioreq.o
                0x0000000008003e94                USBH_CtlSendSetup
 .text.USBH_CtlSendData
                0x0000000008003eb6       0x2e Middlewares/USB_Host_Library/usbh_ioreq.o
                0x0000000008003eb6                USBH_CtlSendData
 .text.USBH_CtlReceiveData
                0x0000000008003ee4       0x20 Middlewares/USB_Host_Library/usbh_ioreq.o
                0x0000000008003ee4                USBH_CtlReceiveData
 .text.USBH_BulkSendData
                0x0000000008003f04       0x2e Middlewares/USB_Host_Library/usbh_ioreq.o
                0x0000000008003f04                USBH_BulkSendData
 .text.USBH_BulkReceiveData
                0x0000000008003f32       0x20 Middlewares/USB_Host_Library/usbh_ioreq.o
                0x0000000008003f32                USBH_BulkReceiveData
 .text.USBH_InterruptReceiveData
                0x0000000008003f52       0x20 Middlewares/USB_Host_Library/usbh_ioreq.o
                0x0000000008003f52                USBH_InterruptReceiveData
 .text.USBH_IsocSendData
                0x0000000008003f72       0x22 Middlewares/USB_Host_Library/usbh_ioreq.o
                0x0000000008003f72                USBH_IsocSendData
 .text.USBH_MSC_SOFProcess
                0x0000000008003f94        0x4 Middlewares/USB_Host_Library/usbh_msc.o
 .text.USBH_MSC_Process
                0x0000000008003f98      0x1d4 Middlewares/USB_Host_Library/usbh_msc.o
 .text.USBH_MSC_ClassRequest
                0x000000000800416c       0x64 Middlewares/USB_Host_Library/usbh_msc.o
 .text.USBH_MSC_InterfaceDeInit
                0x00000000080041d0       0x4c Middlewares/USB_Host_Library/usbh_msc.o
 .text.USBH_MSC_InterfaceInit
                0x000000000800421c       0xfa Middlewares/USB_Host_Library/usbh_msc.o
 .text.USBH_MSC_BOT_REQ_Reset
                0x0000000008004316       0x16 Middlewares/USB_Host_Library/usbh_msc_bot.o
                0x0000000008004316                USBH_MSC_BOT_REQ_Reset
 .text.USBH_MSC_BOT_REQ_GetMaxLUN
                0x000000000800432c       0x16 Middlewares/USB_Host_Library/usbh_msc_bot.o
                0x000000000800432c                USBH_MSC_BOT_REQ_GetMaxLUN
 *fill*         0x0000000008004342        0x2 
 .text.USBH_MSC_BOT_Init
                0x0000000008004344       0x24 Middlewares/USB_Host_Library/usbh_msc_bot.o
                0x0000000008004344                USBH_MSC_BOT_Init
 .text.USBH_MSC_BOT_Process
                0x0000000008004368      0x1dc Middlewares/USB_Host_Library/usbh_msc_bot.o
                0x0000000008004368                USBH_MSC_BOT_Process
 .text.USBH_MSC_SCSI_TestUnitReady
                0x0000000008004544       0x4c Middlewares/USB_Host_Library/usbh_msc_scsi.o
                0x0000000008004544                USBH_MSC_SCSI_TestUnitReady
 .text.USBH_MSC_SCSI_ReadCapacity
                0x0000000008004590       0x80 Middlewares/USB_Host_Library/usbh_msc_scsi.o
                0x0000000008004590                USBH_MSC_SCSI_ReadCapacity
 .text.USBH_MSC_SCSI_Inquiry
                0x0000000008004610       0xd4 Middlewares/USB_Host_Library/usbh_msc_scsi.o
                0x0000000008004610                USBH_MSC_SCSI_Inquiry
 .text.USBH_MSC_SCSI_RequestSense
                0x00000000080046e4       0x92 Middlewares/USB_Host_Library/usbh_msc_scsi.o
                0x00000000080046e4                USBH_MSC_SCSI_RequestSense
 .text.USBH_MTP_SOFProcess
                0x0000000008004776        0x4 Middlewares/USB_Host_Library/usbh_mtp.o
 .text.USBH_MTP_InterfaceDeInit
                0x000000000800477a       0x6e Middlewares/USB_Host_Library/usbh_mtp.o
 .text.USBH_MTP_InterfaceInit
                0x00000000080047e8      0x226 Middlewares/USB_Host_Library/usbh_mtp.o
 .text.USBH_MTP_ClassRequest
                0x0000000008004a0e        0x4 Middlewares/USB_Host_Library/usbh_mtp.o
 .text.USBH_MTP_EventsCallback
                0x0000000008004a12        0x2 Middlewares/USB_Host_Library/usbh_mtp.o
                0x0000000008004a12                USBH_MTP_EventsCallback
 .text.USBH_MTP_Process
                0x0000000008004a14      0x158 Middlewares/USB_Host_Library/usbh_mtp.o
 .text.PTP_GetString
                0x0000000008004b6c       0x24 Middlewares/USB_Host_Library/usbh_mtp_ptp.o
 .text.PTP_GetArray16
                0x0000000008004b90       0x36 Middlewares/USB_Host_Library/usbh_mtp_ptp.o
 .text.PTP_DecodeDeviceInfo
                0x0000000008004bc6      0x168 Middlewares/USB_Host_Library/usbh_mtp_ptp.o
 .text.PTP_BufferFullCallback
                0x0000000008004d2e       0x78 Middlewares/USB_Host_Library/usbh_mtp_ptp.o
 .text.PTP_GetArray32.constprop.3
                0x0000000008004da6       0x40 Middlewares/USB_Host_Library/usbh_mtp_ptp.o
 .text.USBH_PTP_Init
                0x0000000008004de6       0x18 Middlewares/USB_Host_Library/usbh_mtp_ptp.o
                0x0000000008004de6                USBH_PTP_Init
 .text.USBH_PTP_SendRequest
                0x0000000008004dfe       0x66 Middlewares/USB_Host_Library/usbh_mtp_ptp.o
                0x0000000008004dfe                USBH_PTP_SendRequest
 .text.USBH_PTP_GetResponse
                0x0000000008004e64       0x4a Middlewares/USB_Host_Library/usbh_mtp_ptp.o
                0x0000000008004e64                USBH_PTP_GetResponse
 .text.USBH_PTP_Process
                0x0000000008004eae      0x250 Middlewares/USB_Host_Library/usbh_mtp_ptp.o
                0x0000000008004eae                USBH_PTP_Process
 .text.USBH_PTP_OpenSession
                0x00000000080050fe       0x5e Middlewares/USB_Host_Library/usbh_mtp_ptp.o
                0x00000000080050fe                USBH_PTP_OpenSession
 .text.USBH_PTP_GetDeviceInfo
                0x000000000800515c       0x9a Middlewares/USB_Host_Library/usbh_mtp_ptp.o
                0x000000000800515c                USBH_PTP_GetDeviceInfo
 .text.USBH_PTP_GetStorageIds
                0x00000000080051f6       0xa6 Middlewares/USB_Host_Library/usbh_mtp_ptp.o
                0x00000000080051f6                USBH_PTP_GetStorageIds
 .text.USBH_PTP_GetStorageInfo
                0x000000000800529c      0x22e Middlewares/USB_Host_Library/usbh_mtp_ptp.o
                0x000000000800529c                USBH_PTP_GetStorageInfo
 .text.USBH_OpenPipe
                0x00000000080054ca       0x1e Middlewares/USB_Host_Library/usbh_pipes.o
                0x00000000080054ca                USBH_OpenPipe
 .text.USBH_ClosePipe
                0x00000000080054e8        0xa Middlewares/USB_Host_Library/usbh_pipes.o
                0x00000000080054e8                USBH_ClosePipe
 .text.USBH_AllocPipe
                0x00000000080054f2       0x30 Middlewares/USB_Host_Library/usbh_pipes.o
                0x00000000080054f2                USBH_AllocPipe
 .text.USBH_FreePipe
                0x0000000008005522       0x18 Middlewares/USB_Host_Library/usbh_pipes.o
                0x0000000008005522                USBH_FreePipe
 *fill*         0x000000000800553a        0x2 
 .text.__libc_init_array
                0x000000000800553c       0x4c /Applications/Ac6/SystemWorkbench.app/Contents/Eclipse/plugins/fr.ac6.mcu.externaltools.arm-none.macos64_1.6.0.201601291255/tools/compiler/bin/../lib/gcc/arm-none-eabi/5.2.1/../../../../arm-none-eabi/lib/armv7e-m/fpu/libc_nano.a(lib_a-init.o)
                0x000000000800553c                __libc_init_array
 .text.malloc   0x0000000008005588       0x10 /Applications/Ac6/SystemWorkbench.app/Contents/Eclipse/plugins/fr.ac6.mcu.externaltools.arm-none.macos64_1.6.0.201601291255/tools/compiler/bin/../lib/gcc/arm-none-eabi/5.2.1/../../../../arm-none-eabi/lib/armv7e-m/fpu/libc_nano.a(lib_a-malloc.o)
                0x0000000008005588                malloc
 .text.free     0x0000000008005598       0x10 /Applications/Ac6/SystemWorkbench.app/Contents/Eclipse/plugins/fr.ac6.mcu.externaltools.arm-none.macos64_1.6.0.201601291255/tools/compiler/bin/../lib/gcc/arm-none-eabi/5.2.1/../../../../arm-none-eabi/lib/armv7e-m/fpu/libc_nano.a(lib_a-malloc.o)
                0x0000000008005598                free
 .text.memcpy   0x00000000080055a8       0x16 /Applications/Ac6/SystemWorkbench.app/Contents/Eclipse/plugins/fr.ac6.mcu.externaltools.arm-none.macos64_1.6.0.201601291255/tools/compiler/bin/../lib/gcc/arm-none-eabi/5.2.1/../../../../arm-none-eabi/lib/armv7e-m/fpu/libc_nano.a(lib_a-memcpy-stub.o)
                0x00000000080055a8                memcpy
 .text.memset   0x00000000080055be       0x10 /Applications/Ac6/SystemWorkbench.app/Contents/Eclipse/plugins/fr.ac6.mcu.externaltools.arm-none.macos64_1.6.0.201601291255/tools/compiler/bin/../lib/gcc/arm-none-eabi/5.2.1/../../../../arm-none-eabi/lib/armv7e-m/fpu/libc_nano.a(lib_a-memset.o)
                0x00000000080055be                memset
 *fill*         0x00000000080055ce        0x2 
 .text._free_r  0x00000000080055d0       0x8c /Applications/Ac6/SystemWorkbench.app/Contents/Eclipse/plugins/fr.ac6.mcu.externaltools.arm-none.macos64_1.6.0.201601291255/tools/compiler/bin/../lib/gcc/arm-none-eabi/5.2.1/../../../../arm-none-eabi/lib/armv7e-m/fpu/libc_nano.a(lib_a-nano-freer.o)
                0x00000000080055d0                _free_r
 .text._malloc_r
                0x000000000800565c       0xa8 /Applications/Ac6/SystemWorkbench.app/Contents/Eclipse/plugins/fr.ac6.mcu.externaltools.arm-none.macos64_1.6.0.201601291255/tools/compiler/bin/../lib/gcc/arm-none-eabi/5.2.1/../../../../arm-none-eabi/lib/armv7e-m/fpu/libc_nano.a(lib_a-nano-mallocr.o)
                0x000000000800565c                _malloc_r
 .text._sbrk_r  0x0000000008005704       0x20 /Applications/Ac6/SystemWorkbench.app/Contents/Eclipse/plugins/fr.ac6.mcu.externaltools.arm-none.macos64_1.6.0.201601291255/tools/compiler/bin/../lib/gcc/arm-none-eabi/5.2.1/../../../../arm-none-eabi/lib/armv7e-m/fpu/libc_nano.a(lib_a-sbrkr.o)
                0x0000000008005704                _sbrk_r
 .text._sbrk    0x0000000008005724       0x1c /Applications/Ac6/SystemWorkbench.app/Contents/Eclipse/plugins/fr.ac6.mcu.externaltools.arm-none.macos64_1.6.0.201601291255/tools/compiler/bin/../lib/gcc/arm-none-eabi/5.2.1/../../../../arm-none-eabi/lib/armv7e-m/fpu/libnosys.a(sbrk.o)
                0x0000000008005724                _sbrk
 *(.glue_7)
 .glue_7        0x0000000008005740        0x0 linker stubs
 *(.glue_7t)
 .glue_7t       0x0000000008005740        0x0 linker stubs
 *(.eh_frame)
 .eh_frame      0x0000000008005740        0x0 /Applications/Ac6/SystemWorkbench.app/Contents/Eclipse/plugins/fr.ac6.mcu.externaltools.arm-none.macos64_1.6.0.201601291255/tools/compiler/bin/../lib/gcc/arm-none-eabi/5.2.1/armv7e-m/fpu/crtbegin.o
 *(.init)
 .init          0x0000000008005740        0x4 /Applications/Ac6/SystemWorkbench.app/Contents/Eclipse/plugins/fr.ac6.mcu.externaltools.arm-none.macos64_1.6.0.201601291255/tools/compiler/bin/../lib/gcc/arm-none-eabi/5.2.1/armv7e-m/fpu/crti.o
                0x0000000008005740                _init
 .init          0x0000000008005744        0x8 /Applications/Ac6/SystemWorkbench.app/Contents/Eclipse/plugins/fr.ac6.mcu.externaltools.arm-none.macos64_1.6.0.201601291255/tools/compiler/bin/../lib/gcc/arm-none-eabi/5.2.1/armv7e-m/fpu/crtn.o
 *(.fini)
 .fini          0x000000000800574c        0x4 /Applications/Ac6/SystemWorkbench.app/Contents/Eclipse/plugins/fr.ac6.mcu.externaltools.arm-none.macos64_1.6.0.201601291255/tools/compiler/bin/../lib/gcc/arm-none-eabi/5.2.1/armv7e-m/fpu/crti.o
                0x000000000800574c                _fini
 .fini          0x0000000008005750        0x8 /Applications/Ac6/SystemWorkbench.app/Contents/Eclipse/plugins/fr.ac6.mcu.externaltools.arm-none.macos64_1.6.0.201601291255/tools/compiler/bin/../lib/gcc/arm-none-eabi/5.2.1/armv7e-m/fpu/crtn.o
                0x0000000008005758                . = ALIGN (0x4)
                0x0000000008005758                _etext = .

.vfp11_veneer   0x0000000008005758        0x0
 .vfp11_veneer  0x0000000008005758        0x0 linker stubs

.v4_bx          0x0000000008005758        0x0
 .v4_bx         0x0000000008005758        0x0 linker stubs

.iplt           0x0000000008005758        0x0
 .iplt          0x0000000008005758        0x0 /Applications/Ac6/SystemWorkbench.app/Contents/Eclipse/plugins/fr.ac6.mcu.externaltools.arm-none.macos64_1.6.0.201601291255/tools/compiler/bin/../lib/gcc/arm-none-eabi/5.2.1/armv7e-m/fpu/crtbegin.o

.rodata         0x0000000008005758       0x30
                0x0000000008005758                . = ALIGN (0x4)
 *(.rodata)
 .rodata        0x0000000008005758        0x7 Application/User/usbh_conf.o
 .rodata        0x000000000800575f       0x10 Drivers/STM32F4xx_HAL_Driver/stm32f4xx_hal_rcc.o
                0x000000000800575f                APBAHBPrescTable
 *(.rodata*)
 .rodata.str1.1
                0x000000000800576f        0x6 Middlewares/USB_Host_Library/usbh_audio.o
 .rodata.str1.1
                0x0000000008005775        0x4 Middlewares/USB_Host_Library/usbh_cdc.o
 .rodata.str1.1
                0x0000000008005779        0x4 Middlewares/USB_Host_Library/usbh_hid.o
 .rodata.str1.1
                0x000000000800577d        0x4 Middlewares/USB_Host_Library/usbh_msc.o
 .rodata.str1.1
                0x0000000008005781        0x4 Middlewares/USB_Host_Library/usbh_mtp.o
 .rodata.str1.1
                0x0000000008005785        0x4 /Applications/Ac6/SystemWorkbench.app/Contents/Eclipse/plugins/fr.ac6.mcu.externaltools.arm-none.macos64_1.6.0.201601291255/tools/compiler/bin/../lib/gcc/arm-none-eabi/5.2.1/../../../../arm-none-eabi/lib/armv7e-m/fpu/libc_nano.a(lib_a-impure.o)
                                          0x2 (size before relaxing)
                0x000000000800578c                . = ALIGN (0x4)
 *fill*         0x0000000008005785        0x3 

.rel.dyn        0x0000000008005788        0x0
 .rel.iplt      0x0000000008005788        0x0 /Applications/Ac6/SystemWorkbench.app/Contents/Eclipse/plugins/fr.ac6.mcu.externaltools.arm-none.macos64_1.6.0.201601291255/tools/compiler/bin/../lib/gcc/arm-none-eabi/5.2.1/armv7e-m/fpu/crtbegin.o

.ARM.extab
 *(.ARM.extab* .gnu.linkonce.armextab.*)

.ARM            0x0000000008005788        0x0
                0x0000000008005788                __exidx_start = .
 *(.ARM.exidx*)
                0x0000000008005788                __exidx_end = .

.preinit_array  0x0000000008005788        0x0
                0x0000000008005788                PROVIDE (__preinit_array_start, .)
 *(.preinit_array*)
                0x0000000008005788                PROVIDE (__preinit_array_end, .)

.init_array     0x0000000008005788        0x4
                0x0000000008005788                PROVIDE (__init_array_start, .)
 *(SORT(.init_array.*))
 *(.init_array*)
 .init_array    0x0000000008005788        0x4 /Applications/Ac6/SystemWorkbench.app/Contents/Eclipse/plugins/fr.ac6.mcu.externaltools.arm-none.macos64_1.6.0.201601291255/tools/compiler/bin/../lib/gcc/arm-none-eabi/5.2.1/armv7e-m/fpu/crtbegin.o
                0x000000000800578c                PROVIDE (__init_array_end, .)

.fini_array     0x000000000800578c        0x4
                [!provide]                        PROVIDE (__fini_array_start, .)
 *(SORT(.fini_array.*))
 *(.fini_array*)
 .fini_array    0x000000000800578c        0x4 /Applications/Ac6/SystemWorkbench.app/Contents/Eclipse/plugins/fr.ac6.mcu.externaltools.arm-none.macos64_1.6.0.201601291255/tools/compiler/bin/../lib/gcc/arm-none-eabi/5.2.1/armv7e-m/fpu/crtbegin.o
                [!provide]                        PROVIDE (__fini_array_end, .)
                0x0000000008005790                _sidata = LOADADDR (.data)

.data           0x0000000020000000      0x108 load address 0x0000000008005790
                0x0000000020000000                . = ALIGN (0x4)
                0x0000000020000000                _sdata = .
 *(.data)
 .data          0x0000000020000000        0x4 Drivers/CMSIS/system_stm32f4xx.o
                0x0000000020000000                SystemCoreClock
 .data          0x0000000020000004       0x20 Middlewares/USB_Host_Library/usbh_audio.o
                0x0000000020000004                AUDIO_Class
 .data          0x0000000020000024       0x20 Middlewares/USB_Host_Library/usbh_cdc.o
                0x0000000020000024                CDC_Class
 .data          0x0000000020000044       0x20 Middlewares/USB_Host_Library/usbh_hid.o
                0x0000000020000044                HID_Class
 .data          0x0000000020000064       0x20 Middlewares/USB_Host_Library/usbh_msc.o
                0x0000000020000064                USBH_msc
 .data          0x0000000020000084       0x20 Middlewares/USB_Host_Library/usbh_mtp.o
                0x0000000020000084                MTP_Class
 *(.data*)
 .data.impure_data
                0x00000000200000a4       0x60 /Applications/Ac6/SystemWorkbench.app/Contents/Eclipse/plugins/fr.ac6.mcu.externaltools.arm-none.macos64_1.6.0.201601291255/tools/compiler/bin/../lib/gcc/arm-none-eabi/5.2.1/../../../../arm-none-eabi/lib/armv7e-m/fpu/libc_nano.a(lib_a-impure.o)
 .data._impure_ptr
                0x0000000020000104        0x4 /Applications/Ac6/SystemWorkbench.app/Contents/Eclipse/plugins/fr.ac6.mcu.externaltools.arm-none.macos64_1.6.0.201601291255/tools/compiler/bin/../lib/gcc/arm-none-eabi/5.2.1/../../../../arm-none-eabi/lib/armv7e-m/fpu/libc_nano.a(lib_a-impure.o)
                0x0000000020000104                _impure_ptr
                0x0000000020000108                . = ALIGN (0x4)
                0x0000000020000108                _edata = .
                0x0000000008005898                _siccmram = LOADADDR (.ccmram)

.jcr            0x0000000020000108        0x0 load address 0x0000000008005898
 .jcr           0x0000000020000108        0x0 /Applications/Ac6/SystemWorkbench.app/Contents/Eclipse/plugins/fr.ac6.mcu.externaltools.arm-none.macos64_1.6.0.201601291255/tools/compiler/bin/../lib/gcc/arm-none-eabi/5.2.1/armv7e-m/fpu/crtbegin.o

.tm_clone_table
                0x0000000020000108        0x0 load address 0x0000000008005898
 .tm_clone_table
                0x0000000020000108        0x0 /Applications/Ac6/SystemWorkbench.app/Contents/Eclipse/plugins/fr.ac6.mcu.externaltools.arm-none.macos64_1.6.0.201601291255/tools/compiler/bin/../lib/gcc/arm-none-eabi/5.2.1/armv7e-m/fpu/crtbegin.o
 .tm_clone_table
                0x0000000020000108        0x0 /Applications/Ac6/SystemWorkbench.app/Contents/Eclipse/plugins/fr.ac6.mcu.externaltools.arm-none.macos64_1.6.0.201601291255/tools/compiler/bin/../lib/gcc/arm-none-eabi/5.2.1/armv7e-m/fpu/crtend.o

.igot.plt       0x0000000020000108        0x0 load address 0x0000000008005898
 .igot.plt      0x0000000020000108        0x0 /Applications/Ac6/SystemWorkbench.app/Contents/Eclipse/plugins/fr.ac6.mcu.externaltools.arm-none.macos64_1.6.0.201601291255/tools/compiler/bin/../lib/gcc/arm-none-eabi/5.2.1/armv7e-m/fpu/crtbegin.o

.ccmram         0x0000000010000000        0x0 load address 0x0000000008005898
                0x0000000010000000                . = ALIGN (0x4)
                0x0000000010000000                _sccmram = .
 *(.ccmram)
 *(.ccmram*)
                0x0000000010000000                . = ALIGN (0x4)
                0x0000000010000000                _eccmram = .
                0x0000000010000000                . = ALIGN (0x4)

.bss            0x0000000020000108      0x888
                0x0000000020000108                _sbss = .
                0x0000000020000108                __bss_start__ = _sbss
 *(.bss)
 .bss           0x0000000020000108       0x1c /Applications/Ac6/SystemWorkbench.app/Contents/Eclipse/plugins/fr.ac6.mcu.externaltools.arm-none.macos64_1.6.0.201601291255/tools/compiler/bin/../lib/gcc/arm-none-eabi/5.2.1/armv7e-m/fpu/crtbegin.o
 .bss           0x0000000020000124        0x1 Application/User/usb_host.o
                0x0000000020000124                Appli_state
 *(.bss*)
 *fill*         0x0000000020000125        0x3 
 .bss.__malloc_sbrk_start
                0x0000000020000128        0x4 /Applications/Ac6/SystemWorkbench.app/Contents/Eclipse/plugins/fr.ac6.mcu.externaltools.arm-none.macos64_1.6.0.201601291255/tools/compiler/bin/../lib/gcc/arm-none-eabi/5.2.1/../../../../arm-none-eabi/lib/armv7e-m/fpu/libc_nano.a(lib_a-nano-mallocr.o)
                0x0000000020000128                __malloc_sbrk_start
 .bss.__malloc_free_list
                0x000000002000012c        0x4 /Applications/Ac6/SystemWorkbench.app/Contents/Eclipse/plugins/fr.ac6.mcu.externaltools.arm-none.macos64_1.6.0.201601291255/tools/compiler/bin/../lib/gcc/arm-none-eabi/5.2.1/../../../../arm-none-eabi/lib/armv7e-m/fpu/libc_nano.a(lib_a-nano-mallocr.o)
                0x000000002000012c                __malloc_free_list
 .bss.heap_end.4169
                0x0000000020000130        0x4 /Applications/Ac6/SystemWorkbench.app/Contents/Eclipse/plugins/fr.ac6.mcu.externaltools.arm-none.macos64_1.6.0.201601291255/tools/compiler/bin/../lib/gcc/arm-none-eabi/5.2.1/../../../../arm-none-eabi/lib/armv7e-m/fpu/libnosys.a(sbrk.o)
 *(COMMON)
 COMMON         0x0000000020000134      0x598 Application/User/usb_host.o
                0x0000000020000134                hUsbHostFS
 COMMON         0x00000000200006cc      0x298 Application/User/usbh_conf.o
                0x00000000200006cc                hhcd_USB_OTG_FS
 COMMON         0x0000000020000964        0x4 Drivers/STM32F4xx_HAL_Driver/stm32f4xx_hal.o
                0x0000000020000964                uwTick
 COMMON         0x0000000020000968       0x17 Middlewares/USB_Host_Library/usbh_hid_keybd.o
                0x0000000020000968                keybd_report_data
                0x0000000020000970                keybd_info
 *fill*         0x000000002000097f        0x1 
 COMMON         0x0000000020000980        0xc Middlewares/USB_Host_Library/usbh_hid_mouse.o
                0x0000000020000980                mouse_info
                0x0000000020000988                mouse_report_data
 COMMON         0x000000002000098c        0x4 /Applications/Ac6/SystemWorkbench.app/Contents/Eclipse/plugins/fr.ac6.mcu.externaltools.arm-none.macos64_1.6.0.201601291255/tools/compiler/bin/../lib/gcc/arm-none-eabi/5.2.1/../../../../arm-none-eabi/lib/armv7e-m/fpu/libc_nano.a(lib_a-reent.o)
                0x000000002000098c                errno
                0x0000000020000990                . = ALIGN (0x4)
                0x0000000020000990                _ebss = .
                0x0000000020000990                __bss_end__ = _ebss

._user_heap_stack
                0x0000000020000990      0x600
                0x0000000020000990                . = ALIGN (0x8)
                0x0000000020000990                PROVIDE (end, .)
                [!provide]                        PROVIDE (_end, .)
                0x0000000020000b90                . = (. + _Min_Heap_Size)
 *fill*         0x0000000020000990      0x200 
                0x0000000020000f90                . = (. + _Min_Stack_Size)
 *fill*         0x0000000020000b90      0x400 
                0x0000000020000f90                . = ALIGN (0x8)

/DISCARD/
 libc.a(*)
 libm.a(*)
 libgcc.a(*)

.ARM.attributes
                0x0000000000000000       0x30
 *(.ARM.attributes)
 .ARM.attributes
                0x0000000000000000       0x22 /Applications/Ac6/SystemWorkbench.app/Contents/Eclipse/plugins/fr.ac6.mcu.externaltools.arm-none.macos64_1.6.0.201601291255/tools/compiler/bin/../lib/gcc/arm-none-eabi/5.2.1/armv7e-m/fpu/crti.o
 .ARM.attributes
                0x0000000000000022       0x34 /Applications/Ac6/SystemWorkbench.app/Contents/Eclipse/plugins/fr.ac6.mcu.externaltools.arm-none.macos64_1.6.0.201601291255/tools/compiler/bin/../lib/gcc/arm-none-eabi/5.2.1/armv7e-m/fpu/crtbegin.o
 .ARM.attributes
                0x0000000000000056       0x21 Application/SW4STM32/startup_stm32f407xx.o
 .ARM.attributes
                0x0000000000000077       0x39 Application/User/main.o
 .ARM.attributes
                0x00000000000000b0       0x39 Application/User/stm32f4xx_hal_msp.o
 .ARM.attributes
                0x00000000000000e9       0x39 Application/User/stm32f4xx_it.o
 .ARM.attributes
                0x0000000000000122       0x39 Application/User/usb_host.o
 .ARM.attributes
                0x000000000000015b       0x39 Application/User/usbh_conf.o
 .ARM.attributes
                0x0000000000000194       0x39 Drivers/CMSIS/system_stm32f4xx.o
 .ARM.attributes
                0x00000000000001cd       0x39 Drivers/STM32F4xx_HAL_Driver/stm32f4xx_hal.o
 .ARM.attributes
                0x0000000000000206       0x39 Drivers/STM32F4xx_HAL_Driver/stm32f4xx_hal_cortex.o
 .ARM.attributes
                0x000000000000023f       0x39 Drivers/STM32F4xx_HAL_Driver/stm32f4xx_hal_gpio.o
 .ARM.attributes
                0x0000000000000278       0x39 Drivers/STM32F4xx_HAL_Driver/stm32f4xx_hal_hcd.o
 .ARM.attributes
                0x00000000000002b1       0x39 Drivers/STM32F4xx_HAL_Driver/stm32f4xx_hal_rcc.o
 .ARM.attributes
                0x00000000000002ea       0x39 Drivers/STM32F4xx_HAL_Driver/stm32f4xx_ll_usb.o
 .ARM.attributes
                0x0000000000000323       0x39 Middlewares/USB_Host_Library/usbh_audio.o
 .ARM.attributes
                0x000000000000035c       0x39 Middlewares/USB_Host_Library/usbh_cdc.o
 .ARM.attributes
                0x0000000000000395       0x39 Middlewares/USB_Host_Library/usbh_core.o
 .ARM.attributes
                0x00000000000003ce       0x39 Middlewares/USB_Host_Library/usbh_ctlreq.o
 .ARM.attributes
                0x0000000000000407       0x39 Middlewares/USB_Host_Library/usbh_hid.o
 .ARM.attributes
                0x0000000000000440       0x39 Middlewares/USB_Host_Library/usbh_hid_keybd.o
 .ARM.attributes
                0x0000000000000479       0x39 Middlewares/USB_Host_Library/usbh_hid_mouse.o
 .ARM.attributes
                0x00000000000004b2       0x39 Middlewares/USB_Host_Library/usbh_ioreq.o
 .ARM.attributes
                0x00000000000004eb       0x39 Middlewares/USB_Host_Library/usbh_msc.o
 .ARM.attributes
                0x0000000000000524       0x39 Middlewares/USB_Host_Library/usbh_msc_bot.o
 .ARM.attributes
                0x000000000000055d       0x39 Middlewares/USB_Host_Library/usbh_msc_scsi.o
 .ARM.attributes
                0x0000000000000596       0x39 Middlewares/USB_Host_Library/usbh_mtp.o
 .ARM.attributes
                0x00000000000005cf       0x39 Middlewares/USB_Host_Library/usbh_mtp_ptp.o
 .ARM.attributes
                0x0000000000000608       0x39 Middlewares/USB_Host_Library/usbh_pipes.o
 .ARM.attributes
                0x0000000000000641       0x34 /Applications/Ac6/SystemWorkbench.app/Contents/Eclipse/plugins/fr.ac6.mcu.externaltools.arm-none.macos64_1.6.0.201601291255/tools/compiler/bin/../lib/gcc/arm-none-eabi/5.2.1/../../../../arm-none-eabi/lib/armv7e-m/fpu/libc_nano.a(lib_a-impure.o)
 .ARM.attributes
                0x0000000000000675       0x34 /Applications/Ac6/SystemWorkbench.app/Contents/Eclipse/plugins/fr.ac6.mcu.externaltools.arm-none.macos64_1.6.0.201601291255/tools/compiler/bin/../lib/gcc/arm-none-eabi/5.2.1/../../../../arm-none-eabi/lib/armv7e-m/fpu/libc_nano.a(lib_a-init.o)
 .ARM.attributes
                0x00000000000006a9       0x34 /Applications/Ac6/SystemWorkbench.app/Contents/Eclipse/plugins/fr.ac6.mcu.externaltools.arm-none.macos64_1.6.0.201601291255/tools/compiler/bin/../lib/gcc/arm-none-eabi/5.2.1/../../../../arm-none-eabi/lib/armv7e-m/fpu/libc_nano.a(lib_a-malloc.o)
 .ARM.attributes
                0x00000000000006dd       0x34 /Applications/Ac6/SystemWorkbench.app/Contents/Eclipse/plugins/fr.ac6.mcu.externaltools.arm-none.macos64_1.6.0.201601291255/tools/compiler/bin/../lib/gcc/arm-none-eabi/5.2.1/../../../../arm-none-eabi/lib/armv7e-m/fpu/libc_nano.a(lib_a-memcpy-stub.o)
 .ARM.attributes
                0x0000000000000711       0x34 /Applications/Ac6/SystemWorkbench.app/Contents/Eclipse/plugins/fr.ac6.mcu.externaltools.arm-none.macos64_1.6.0.201601291255/tools/compiler/bin/../lib/gcc/arm-none-eabi/5.2.1/../../../../arm-none-eabi/lib/armv7e-m/fpu/libc_nano.a(lib_a-memset.o)
 .ARM.attributes
                0x0000000000000745       0x34 /Applications/Ac6/SystemWorkbench.app/Contents/Eclipse/plugins/fr.ac6.mcu.externaltools.arm-none.macos64_1.6.0.201601291255/tools/compiler/bin/../lib/gcc/arm-none-eabi/5.2.1/../../../../arm-none-eabi/lib/armv7e-m/fpu/libc_nano.a(lib_a-nano-freer.o)
 .ARM.attributes
                0x0000000000000779       0x34 /Applications/Ac6/SystemWorkbench.app/Contents/Eclipse/plugins/fr.ac6.mcu.externaltools.arm-none.macos64_1.6.0.201601291255/tools/compiler/bin/../lib/gcc/arm-none-eabi/5.2.1/../../../../arm-none-eabi/lib/armv7e-m/fpu/libc_nano.a(lib_a-nano-mallocr.o)
 .ARM.attributes
                0x00000000000007ad       0x34 /Applications/Ac6/SystemWorkbench.app/Contents/Eclipse/plugins/fr.ac6.mcu.externaltools.arm-none.macos64_1.6.0.201601291255/tools/compiler/bin/../lib/gcc/arm-none-eabi/5.2.1/../../../../arm-none-eabi/lib/armv7e-m/fpu/libc_nano.a(lib_a-sbrkr.o)
 .ARM.attributes
                0x00000000000007e1       0x34 /Applications/Ac6/SystemWorkbench.app/Contents/Eclipse/plugins/fr.ac6.mcu.externaltools.arm-none.macos64_1.6.0.201601291255/tools/compiler/bin/../lib/gcc/arm-none-eabi/5.2.1/../../../../arm-none-eabi/lib/armv7e-m/fpu/libc_nano.a(lib_a-reent.o)
 .ARM.attributes
                0x0000000000000815       0x34 /Applications/Ac6/SystemWorkbench.app/Contents/Eclipse/plugins/fr.ac6.mcu.externaltools.arm-none.macos64_1.6.0.201601291255/tools/compiler/bin/../lib/gcc/arm-none-eabi/5.2.1/../../../../arm-none-eabi/lib/armv7e-m/fpu/libnosys.a(sbrk.o)
 .ARM.attributes
                0x0000000000000849       0x34 /Applications/Ac6/SystemWorkbench.app/Contents/Eclipse/plugins/fr.ac6.mcu.externaltools.arm-none.macos64_1.6.0.201601291255/tools/compiler/bin/../lib/gcc/arm-none-eabi/5.2.1/armv7e-m/fpu/crtend.o
 .ARM.attributes
                0x000000000000087d       0x22 /Applications/Ac6/SystemWorkbench.app/Contents/Eclipse/plugins/fr.ac6.mcu.externaltools.arm-none.macos64_1.6.0.201601291255/tools/compiler/bin/../lib/gcc/arm-none-eabi/5.2.1/armv7e-m/fpu/crtn.o
OUTPUT(MIDI.elf elf32-littlearm)

.debug_line     0x0000000000000000    0x11760
 .debug_line    0x0000000000000000       0xa3 Application/SW4STM32/startup_stm32f407xx.o
 .debug_line    0x00000000000000a3      0x8c8 Application/User/main.o
 .debug_line    0x000000000000096b      0x7ef Application/User/stm32f4xx_hal_msp.o
 .debug_line    0x000000000000115a      0x806 Application/User/stm32f4xx_it.o
 .debug_line    0x0000000000001960      0xb75 Application/User/usb_host.o
 .debug_line    0x00000000000024d5      0xa7d Application/User/usbh_conf.o
 .debug_line    0x0000000000002f52      0x818 Drivers/CMSIS/system_stm32f4xx.o
 .debug_line    0x000000000000376a      0x976 Drivers/STM32F4xx_HAL_Driver/stm32f4xx_hal.o
 .debug_line    0x00000000000040e0      0x9eb Drivers/STM32F4xx_HAL_Driver/stm32f4xx_hal_cortex.o
 .debug_line    0x0000000000004acb      0x9bd Drivers/STM32F4xx_HAL_Driver/stm32f4xx_hal_gpio.o
 .debug_line    0x0000000000005488      0xb44 Drivers/STM32F4xx_HAL_Driver/stm32f4xx_hal_hcd.o
 .debug_line    0x0000000000005fcc      0xb24 Drivers/STM32F4xx_HAL_Driver/stm32f4xx_hal_rcc.o
 .debug_line    0x0000000000006af0      0xde4 Drivers/STM32F4xx_HAL_Driver/stm32f4xx_ll_usb.o
 .debug_line    0x00000000000078d4      0xd98 Middlewares/USB_Host_Library/usbh_audio.o
 .debug_line    0x000000000000866c      0xb5b Middlewares/USB_Host_Library/usbh_cdc.o
 .debug_line    0x00000000000091c7      0xb0e Middlewares/USB_Host_Library/usbh_core.o
 .debug_line    0x0000000000009cd5      0xad4 Middlewares/USB_Host_Library/usbh_ctlreq.o
 .debug_line    0x000000000000a7a9      0xc01 Middlewares/USB_Host_Library/usbh_hid.o
 .debug_line    0x000000000000b3aa      0xa1e Middlewares/USB_Host_Library/usbh_hid_keybd.o
 .debug_line    0x000000000000bdc8      0x9fb Middlewares/USB_Host_Library/usbh_hid_mouse.o
 .debug_line    0x000000000000c7c3      0x9b3 Middlewares/USB_Host_Library/usbh_ioreq.o
 .debug_line    0x000000000000d176      0xba8 Middlewares/USB_Host_Library/usbh_msc.o
 .debug_line    0x000000000000dd1e      0xa60 Middlewares/USB_Host_Library/usbh_msc_bot.o
 .debug_line    0x000000000000e77e      0xab0 Middlewares/USB_Host_Library/usbh_msc_scsi.o
 .debug_line    0x000000000000f22e      0xcac Middlewares/USB_Host_Library/usbh_mtp.o
 .debug_line    0x000000000000feda      0xf41 Middlewares/USB_Host_Library/usbh_mtp_ptp.o
 .debug_line    0x0000000000010e1b      0x945 Middlewares/USB_Host_Library/usbh_pipes.o

.debug_info     0x0000000000000000    0x1cff2
 .debug_info    0x0000000000000000       0xa4 Application/SW4STM32/startup_stm32f407xx.o
 .debug_info    0x00000000000000a4      0xbb9 Application/User/main.o
 .debug_info    0x0000000000000c5d      0x3ee Application/User/stm32f4xx_hal_msp.o
 .debug_info    0x000000000000104b      0x5ce Application/User/stm32f4xx_it.o
 .debug_info    0x0000000000001619      0xa75 Application/User/usb_host.o
 .debug_info    0x000000000000208e     0x1b02 Application/User/usbh_conf.o
 .debug_info    0x0000000000003b90      0x4d6 Drivers/CMSIS/system_stm32f4xx.o
 .debug_info    0x0000000000004066      0x8da Drivers/STM32F4xx_HAL_Driver/stm32f4xx_hal.o
 .debug_info    0x0000000000004940      0xe64 Drivers/STM32F4xx_HAL_Driver/stm32f4xx_hal_cortex.o
 .debug_info    0x00000000000057a4      0x721 Drivers/STM32F4xx_HAL_Driver/stm32f4xx_hal_gpio.o
 .debug_info    0x0000000000005ec5     0x10cf Drivers/STM32F4xx_HAL_Driver/stm32f4xx_hal_hcd.o
 .debug_info    0x0000000000006f94      0xc82 Drivers/STM32F4xx_HAL_Driver/stm32f4xx_hal_rcc.o
 .debug_info    0x0000000000007c16     0x16ea Drivers/STM32F4xx_HAL_Driver/stm32f4xx_ll_usb.o
 .debug_info    0x0000000000009300     0x2d49 Middlewares/USB_Host_Library/usbh_audio.o
 .debug_info    0x000000000000c049     0x1616 Middlewares/USB_Host_Library/usbh_cdc.o
 .debug_info    0x000000000000d65f     0x11c0 Middlewares/USB_Host_Library/usbh_core.o
 .debug_info    0x000000000000e81f     0x1241 Middlewares/USB_Host_Library/usbh_ctlreq.o
 .debug_info    0x000000000000fa60     0x1424 Middlewares/USB_Host_Library/usbh_hid.o
 .debug_info    0x0000000000010e84      0xfc8 Middlewares/USB_Host_Library/usbh_hid_keybd.o
 .debug_info    0x0000000000011e4c      0xdf7 Middlewares/USB_Host_Library/usbh_hid_mouse.o
 .debug_info    0x0000000000012c43      0xe25 Middlewares/USB_Host_Library/usbh_ioreq.o
 .debug_info    0x0000000000013a68     0x15bc Middlewares/USB_Host_Library/usbh_msc.o
 .debug_info    0x0000000000015024     0x1287 Middlewares/USB_Host_Library/usbh_msc_bot.o
 .debug_info    0x00000000000162ab     0x11b3 Middlewares/USB_Host_Library/usbh_msc_scsi.o
 .debug_info    0x000000000001745e     0x2583 Middlewares/USB_Host_Library/usbh_mtp.o
 .debug_info    0x00000000000199e1     0x2b8a Middlewares/USB_Host_Library/usbh_mtp_ptp.o
 .debug_info    0x000000000001c56b      0xa87 Middlewares/USB_Host_Library/usbh_pipes.o

.debug_abbrev   0x0000000000000000     0x48e1
 .debug_abbrev  0x0000000000000000       0x12 Application/SW4STM32/startup_stm32f407xx.o
 .debug_abbrev  0x0000000000000012      0x204 Application/User/main.o
 .debug_abbrev  0x0000000000000216       0xc5 Application/User/stm32f4xx_hal_msp.o
 .debug_abbrev  0x00000000000002db      0x180 Application/User/stm32f4xx_it.o
 .debug_abbrev  0x000000000000045b      0x247 Application/User/usb_host.o
 .debug_abbrev  0x00000000000006a2      0x358 Application/User/usbh_conf.o
 .debug_abbrev  0x00000000000009fa      0x104 Drivers/CMSIS/system_stm32f4xx.o
 .debug_abbrev  0x0000000000000afe      0x247 Drivers/STM32F4xx_HAL_Driver/stm32f4xx_hal.o
 .debug_abbrev  0x0000000000000d45      0x332 Drivers/STM32F4xx_HAL_Driver/stm32f4xx_hal_cortex.o
 .debug_abbrev  0x0000000000001077      0x1cb Drivers/STM32F4xx_HAL_Driver/stm32f4xx_hal_gpio.o
 .debug_abbrev  0x0000000000001242      0x316 Drivers/STM32F4xx_HAL_Driver/stm32f4xx_hal_hcd.o
 .debug_abbrev  0x0000000000001558      0x321 Drivers/STM32F4xx_HAL_Driver/stm32f4xx_hal_rcc.o
 .debug_abbrev  0x0000000000001879      0x2e1 Drivers/STM32F4xx_HAL_Driver/stm32f4xx_ll_usb.o
 .debug_abbrev  0x0000000000001b5a      0x404 Middlewares/USB_Host_Library/usbh_audio.o
 .debug_abbrev  0x0000000000001f5e      0x372 Middlewares/USB_Host_Library/usbh_cdc.o
 .debug_abbrev  0x00000000000022d0      0x369 Middlewares/USB_Host_Library/usbh_core.o
 .debug_abbrev  0x0000000000002639      0x348 Middlewares/USB_Host_Library/usbh_ctlreq.o
 .debug_abbrev  0x0000000000002981      0x3a3 Middlewares/USB_Host_Library/usbh_hid.o
 .debug_abbrev  0x0000000000002d24      0x2cc Middlewares/USB_Host_Library/usbh_hid_keybd.o
 .debug_abbrev  0x0000000000002ff0      0x29f Middlewares/USB_Host_Library/usbh_hid_mouse.o
 .debug_abbrev  0x000000000000328f      0x20c Middlewares/USB_Host_Library/usbh_ioreq.o
 .debug_abbrev  0x000000000000349b      0x304 Middlewares/USB_Host_Library/usbh_msc.o
 .debug_abbrev  0x000000000000379f      0x2f9 Middlewares/USB_Host_Library/usbh_msc_bot.o
 .debug_abbrev  0x0000000000003a98      0x2e2 Middlewares/USB_Host_Library/usbh_msc_scsi.o
 .debug_abbrev  0x0000000000003d7a      0x479 Middlewares/USB_Host_Library/usbh_mtp.o
 .debug_abbrev  0x00000000000041f3      0x48d Middlewares/USB_Host_Library/usbh_mtp_ptp.o
 .debug_abbrev  0x0000000000004680      0x261 Middlewares/USB_Host_Library/usbh_pipes.o

.debug_aranges  0x0000000000000000      0xc30
 .debug_aranges
                0x0000000000000000       0x28 Application/SW4STM32/startup_stm32f407xx.o
 .debug_aranges
                0x0000000000000028       0x30 Application/User/main.o
 .debug_aranges
                0x0000000000000058       0x20 Application/User/stm32f4xx_hal_msp.o
 .debug_aranges
                0x0000000000000078       0x28 Application/User/stm32f4xx_it.o
 .debug_aranges
                0x00000000000000a0       0x30 Application/User/usb_host.o
 .debug_aranges
                0x00000000000000d0       0xc0 Application/User/usbh_conf.o
 .debug_aranges
                0x0000000000000190       0x28 Drivers/CMSIS/system_stm32f4xx.o
 .debug_aranges
                0x00000000000001b8       0xb8 Drivers/STM32F4xx_HAL_Driver/stm32f4xx_hal.o
 .debug_aranges
                0x0000000000000270       0x98 Drivers/STM32F4xx_HAL_Driver/stm32f4xx_hal_cortex.o
 .debug_aranges
                0x0000000000000308       0x58 Drivers/STM32F4xx_HAL_Driver/stm32f4xx_hal_gpio.o
 .debug_aranges
                0x0000000000000360       0xa0 Drivers/STM32F4xx_HAL_Driver/stm32f4xx_hal_hcd.o
 .debug_aranges
                0x0000000000000400       0x80 Drivers/STM32F4xx_HAL_Driver/stm32f4xx_hal_rcc.o
 .debug_aranges
                0x0000000000000480      0x180 Drivers/STM32F4xx_HAL_Driver/stm32f4xx_ll_usb.o
 .debug_aranges
                0x0000000000000600       0x98 Middlewares/USB_Host_Library/usbh_audio.o
 .debug_aranges
                0x0000000000000698       0x78 Middlewares/USB_Host_Library/usbh_cdc.o
 .debug_aranges
                0x0000000000000710       0x98 Middlewares/USB_Host_Library/usbh_core.o
 .debug_aranges
                0x00000000000007a8       0x68 Middlewares/USB_Host_Library/usbh_ctlreq.o
 .debug_aranges
                0x0000000000000810       0xa0 Middlewares/USB_Host_Library/usbh_hid.o
 .debug_aranges
                0x00000000000008b0       0x30 Middlewares/USB_Host_Library/usbh_hid_keybd.o
 .debug_aranges
                0x00000000000008e0       0x28 Middlewares/USB_Host_Library/usbh_hid_mouse.o
 .debug_aranges
                0x0000000000000908       0x60 Middlewares/USB_Host_Library/usbh_ioreq.o
 .debug_aranges
                0x0000000000000968       0x78 Middlewares/USB_Host_Library/usbh_msc.o
 .debug_aranges
                0x00000000000009e0       0x38 Middlewares/USB_Host_Library/usbh_msc_bot.o
 .debug_aranges
                0x0000000000000a18       0x48 Middlewares/USB_Host_Library/usbh_msc_scsi.o
 .debug_aranges
                0x0000000000000a60       0xb8 Middlewares/USB_Host_Library/usbh_mtp.o
 .debug_aranges
                0x0000000000000b18       0xe0 Middlewares/USB_Host_Library/usbh_mtp_ptp.o
 .debug_aranges
                0x0000000000000bf8       0x38 Middlewares/USB_Host_Library/usbh_pipes.o

.debug_ranges   0x0000000000000000      0xef8
 .debug_ranges  0x0000000000000000       0x20 Application/SW4STM32/startup_stm32f407xx.o
 .debug_ranges  0x0000000000000020       0x90 Application/User/main.o
 .debug_ranges  0x00000000000000b0       0x10 Application/User/stm32f4xx_hal_msp.o
 .debug_ranges  0x00000000000000c0       0x18 Application/User/stm32f4xx_it.o
 .debug_ranges  0x00000000000000d8       0x20 Application/User/usb_host.o
 .debug_ranges  0x00000000000000f8       0xc8 Application/User/usbh_conf.o
 .debug_ranges  0x00000000000001c0       0x18 Drivers/CMSIS/system_stm32f4xx.o
 .debug_ranges  0x00000000000001d8       0xa8 Drivers/STM32F4xx_HAL_Driver/stm32f4xx_hal.o
 .debug_ranges  0x0000000000000280      0x148 Drivers/STM32F4xx_HAL_Driver/stm32f4xx_hal_cortex.o
 .debug_ranges  0x00000000000003c8       0x70 Drivers/STM32F4xx_HAL_Driver/stm32f4xx_hal_gpio.o
 .debug_ranges  0x0000000000000438       0xa8 Drivers/STM32F4xx_HAL_Driver/stm32f4xx_hal_hcd.o
 .debug_ranges  0x00000000000004e0      0x150 Drivers/STM32F4xx_HAL_Driver/stm32f4xx_hal_rcc.o
 .debug_ranges  0x0000000000000630      0x170 Drivers/STM32F4xx_HAL_Driver/stm32f4xx_ll_usb.o
 .debug_ranges  0x00000000000007a0      0x178 Middlewares/USB_Host_Library/usbh_audio.o
 .debug_ranges  0x0000000000000918       0xb0 Middlewares/USB_Host_Library/usbh_cdc.o
 .debug_ranges  0x00000000000009c8       0x88 Middlewares/USB_Host_Library/usbh_core.o
 .debug_ranges  0x0000000000000a50       0xc0 Middlewares/USB_Host_Library/usbh_ctlreq.o
 .debug_ranges  0x0000000000000b10       0x90 Middlewares/USB_Host_Library/usbh_hid.o
 .debug_ranges  0x0000000000000ba0       0x20 Middlewares/USB_Host_Library/usbh_hid_keybd.o
 .debug_ranges  0x0000000000000bc0       0x30 Middlewares/USB_Host_Library/usbh_hid_mouse.o
 .debug_ranges  0x0000000000000bf0       0x50 Middlewares/USB_Host_Library/usbh_ioreq.o
 .debug_ranges  0x0000000000000c40       0x68 Middlewares/USB_Host_Library/usbh_msc.o
 .debug_ranges  0x0000000000000ca8       0x40 Middlewares/USB_Host_Library/usbh_msc_bot.o
 .debug_ranges  0x0000000000000ce8       0x38 Middlewares/USB_Host_Library/usbh_msc_scsi.o
 .debug_ranges  0x0000000000000d20       0xa8 Middlewares/USB_Host_Library/usbh_mtp.o
 .debug_ranges  0x0000000000000dc8       0xe8 Middlewares/USB_Host_Library/usbh_mtp_ptp.o
 .debug_ranges  0x0000000000000eb0       0x48 Middlewares/USB_Host_Library/usbh_pipes.o

.debug_macro    0x0000000000000000    0x26688
 .debug_macro   0x0000000000000000      0x2e2 Application/User/main.o
 .debug_macro   0x00000000000002e2      0x89e Application/User/main.o
 .debug_macro   0x0000000000000b80      0x196 Application/User/main.o
 .debug_macro   0x0000000000000d16      0x179 Application/User/main.o
 .debug_macro   0x0000000000000e8f       0x33 Application/User/main.o
 .debug_macro   0x0000000000000ec2       0x28 Application/User/main.o
 .debug_macro   0x0000000000000eea       0x22 Application/User/main.o
 .debug_macro   0x0000000000000f0c       0x44 Application/User/main.o
 .debug_macro   0x0000000000000f50       0xfd Application/User/main.o
 .debug_macro   0x000000000000104d       0x22 Application/User/main.o
 .debug_macro   0x000000000000106f      0x1df Application/User/main.o
 .debug_macro   0x000000000000124e       0x35 Application/User/main.o
 .debug_macro   0x0000000000001283       0x50 Application/User/main.o
 .debug_macro   0x00000000000012d3      0xe66 Application/User/main.o
 .debug_macro   0x0000000000002139    0x15d7f Application/User/main.o
 .debug_macro   0x0000000000017eb8       0x43 Application/User/main.o
 .debug_macro   0x0000000000017efb     0x347f Application/User/main.o
 .debug_macro   0x000000000001b37a       0x58 Application/User/main.o
 .debug_macro   0x000000000001b3d2       0x35 Application/User/main.o
 .debug_macro   0x000000000001b407       0x9c Application/User/main.o
 .debug_macro   0x000000000001b4a3       0x16 Application/User/main.o
 .debug_macro   0x000000000001b4b9       0x97 Application/User/main.o
 .debug_macro   0x000000000001b550      0x329 Application/User/main.o
 .debug_macro   0x000000000001b879       0xfd Application/User/main.o
 .debug_macro   0x000000000001b976       0x10 Application/User/main.o
 .debug_macro   0x000000000001b986       0x52 Application/User/main.o
 .debug_macro   0x000000000001b9d8       0x16 Application/User/main.o
 .debug_macro   0x000000000001b9ee       0x43 Application/User/main.o
 .debug_macro   0x000000000001ba31      0x187 Application/User/main.o
 .debug_macro   0x000000000001bbb8       0x10 Application/User/main.o
 .debug_macro   0x000000000001bbc8       0x22 Application/User/main.o
 .debug_macro   0x000000000001bbea       0x3a Application/User/main.o
 .debug_macro   0x000000000001bc24       0x10 Application/User/main.o
 .debug_macro   0x000000000001bc34       0x40 Application/User/main.o
 .debug_macro   0x000000000001bc74       0x65 Application/User/main.o
 .debug_macro   0x000000000001bcd9       0x16 Application/User/main.o
 .debug_macro   0x000000000001bcef      0x197 Application/User/main.o
 .debug_macro   0x000000000001be86       0x50 Application/User/main.o
 .debug_macro   0x000000000001bed6      0x964 Application/User/main.o
 .debug_macro   0x000000000001c83a      0x9e1 Application/User/main.o
 .debug_macro   0x000000000001d21b      0x11e Application/User/main.o
 .debug_macro   0x000000000001d339      0x13e Application/User/main.o
 .debug_macro   0x000000000001d477       0x27 Application/User/main.o
 .debug_macro   0x000000000001d49e      0x287 Application/User/main.o
 .debug_macro   0x000000000001d725       0x5f Application/User/main.o
 .debug_macro   0x000000000001d784      0x23a Application/User/main.o
 .debug_macro   0x000000000001d9be      0x13a Application/User/main.o
 .debug_macro   0x000000000001daf8      0x21e Application/User/main.o
 .debug_macro   0x000000000001dd16       0x2e Application/User/main.o
 .debug_macro   0x000000000001dd44      0x11e Application/User/main.o
 .debug_macro   0x000000000001de62       0x7f Application/User/main.o
 .debug_macro   0x000000000001dee1       0x89 Application/User/main.o
 .debug_macro   0x000000000001df6a      0x1df Application/User/main.o
 .debug_macro   0x000000000001e149       0x68 Application/User/main.o
 .debug_macro   0x000000000001e1b1      0x125 Application/User/main.o
 .debug_macro   0x000000000001e2d6      0x2d4 Application/User/stm32f4xx_hal_msp.o
 .debug_macro   0x000000000001e5aa      0x2de Application/User/stm32f4xx_it.o
 .debug_macro   0x000000000001e888      0x3fb Application/User/usb_host.o
 .debug_macro   0x000000000001ec83       0x16 Application/User/usb_host.o
 .debug_macro   0x000000000001ec99       0x35 Application/User/usb_host.o
 .debug_macro   0x000000000001ecce       0x16 Application/User/usb_host.o
 .debug_macro   0x000000000001ece4       0x29 Application/User/usb_host.o
 .debug_macro   0x000000000001ed0d       0x16 Application/User/usb_host.o
 .debug_macro   0x000000000001ed23       0x72 Application/User/usb_host.o
 .debug_macro   0x000000000001ed95      0x20c Application/User/usb_host.o
 .debug_macro   0x000000000001efa1       0x2e Application/User/usb_host.o
 .debug_macro   0x000000000001efcf       0x28 Application/User/usb_host.o
 .debug_macro   0x000000000001eff7       0x28 Application/User/usb_host.o
 .debug_macro   0x000000000001f01f      0x217 Application/User/usb_host.o
 .debug_macro   0x000000000001f236      0x166 Application/User/usb_host.o
 .debug_macro   0x000000000001f39c       0x6d Application/User/usb_host.o
 .debug_macro   0x000000000001f409       0xf3 Application/User/usb_host.o
 .debug_macro   0x000000000001f4fc       0x34 Application/User/usb_host.o
 .debug_macro   0x000000000001f530      0x5be Application/User/usb_host.o
 .debug_macro   0x000000000001faee      0x12f Application/User/usb_host.o
 .debug_macro   0x000000000001fc1d      0xd27 Application/User/usb_host.o
 .debug_macro   0x0000000000020944       0x2c Application/User/usb_host.o
 .debug_macro   0x0000000000020970      0x366 Application/User/usbh_conf.o
 .debug_macro   0x0000000000020cd6       0x4a Application/User/usbh_conf.o
 .debug_macro   0x0000000000020d20      0x2da Drivers/CMSIS/system_stm32f4xx.o
 .debug_macro   0x0000000000020ffa      0x334 Drivers/STM32F4xx_HAL_Driver/stm32f4xx_hal.o
 .debug_macro   0x000000000002132e      0x2d4 Drivers/STM32F4xx_HAL_Driver/stm32f4xx_hal_cortex.o
 .debug_macro   0x0000000000021602      0x30c Drivers/STM32F4xx_HAL_Driver/stm32f4xx_hal_gpio.o
 .debug_macro   0x000000000002190e      0x2d4 Drivers/STM32F4xx_HAL_Driver/stm32f4xx_hal_hcd.o
 .debug_macro   0x0000000000021be2      0x2fe Drivers/STM32F4xx_HAL_Driver/stm32f4xx_hal_rcc.o
 .debug_macro   0x0000000000021ee0      0x2e2 Drivers/STM32F4xx_HAL_Driver/stm32f4xx_ll_usb.o
 .debug_macro   0x00000000000221c2      0x375 Middlewares/USB_Host_Library/usbh_audio.o
 .debug_macro   0x0000000000022537      0x211 Middlewares/USB_Host_Library/usbh_audio.o
 .debug_macro   0x0000000000022748      0x37b Middlewares/USB_Host_Library/usbh_cdc.o
 .debug_macro   0x0000000000022ac3      0x160 Middlewares/USB_Host_Library/usbh_cdc.o
 .debug_macro   0x0000000000022c23      0x378 Middlewares/USB_Host_Library/usbh_core.o
 .debug_macro   0x0000000000022f9b      0x370 Middlewares/USB_Host_Library/usbh_ctlreq.o
 .debug_macro   0x000000000002330b       0x22 Middlewares/USB_Host_Library/usbh_ctlreq.o
 .debug_macro   0x000000000002332d      0x3a9 Middlewares/USB_Host_Library/usbh_hid.o
 .debug_macro   0x00000000000236d6      0x25c Middlewares/USB_Host_Library/usbh_hid.o
 .debug_macro   0x0000000000023932      0x3e5 Middlewares/USB_Host_Library/usbh_hid_keybd.o
 .debug_macro   0x0000000000023d17      0x3ad Middlewares/USB_Host_Library/usbh_hid_mouse.o
 .debug_macro   0x00000000000240c4      0x36a Middlewares/USB_Host_Library/usbh_ioreq.o
 .debug_macro   0x000000000002442e      0x399 Middlewares/USB_Host_Library/usbh_msc.o
 .debug_macro   0x00000000000247c7      0x391 Middlewares/USB_Host_Library/usbh_msc_bot.o
 .debug_macro   0x0000000000024b58      0x399 Middlewares/USB_Host_Library/usbh_msc_scsi.o
 .debug_macro   0x0000000000024ef1      0x384 Middlewares/USB_Host_Library/usbh_mtp.o
 .debug_macro   0x0000000000025275      0xd21 Middlewares/USB_Host_Library/usbh_mtp.o
 .debug_macro   0x0000000000025f96      0x388 Middlewares/USB_Host_Library/usbh_mtp_ptp.o
 .debug_macro   0x000000000002631e      0x36a Middlewares/USB_Host_Library/usbh_pipes.o

.debug_str      0x0000000000000000    0xc7191
 .debug_str     0x0000000000000000    0xb8f4e Application/User/main.o
                                      0xb9234 (size before relaxing)
 .debug_str     0x00000000000b8f4e       0x67 Application/User/stm32f4xx_hal_msp.o
                                      0xb8e80 (size before relaxing)
 .debug_str     0x00000000000b8fb5      0x442 Application/User/stm32f4xx_it.o
                                      0xb8de0 (size before relaxing)
 .debug_str     0x00000000000b93f7     0x7e9f Application/User/usb_host.o
                                      0xc0901 (size before relaxing)
 .debug_str     0x00000000000c1296      0x470 Application/User/usbh_conf.o
                                      0xbb17c (size before relaxing)
 .debug_str     0x00000000000c1706      0x100 Drivers/CMSIS/system_stm32f4xx.o
                                      0xb8b3b (size before relaxing)
 .debug_str     0x00000000000c1806      0x551 Drivers/STM32F4xx_HAL_Driver/stm32f4xx_hal.o
                                      0xb95db (size before relaxing)
 .debug_str     0x00000000000c1d57      0x314 Drivers/STM32F4xx_HAL_Driver/stm32f4xx_hal_cortex.o
                                      0xb9380 (size before relaxing)
 .debug_str     0x00000000000c206b      0x25f Drivers/STM32F4xx_HAL_Driver/stm32f4xx_hal_gpio.o
                                      0xb8db3 (size before relaxing)
 .debug_str     0x00000000000c22ca      0x310 Drivers/STM32F4xx_HAL_Driver/stm32f4xx_hal_hcd.o
                                      0xb920a (size before relaxing)
 .debug_str     0x00000000000c25da      0x241 Drivers/STM32F4xx_HAL_Driver/stm32f4xx_hal_rcc.o
                                      0xb8f42 (size before relaxing)
 .debug_str     0x00000000000c281b      0x492 Drivers/STM32F4xx_HAL_Driver/stm32f4xx_ll_usb.o
                                      0xb9365 (size before relaxing)
 .debug_str     0x00000000000c2cad      0xe21 Middlewares/USB_Host_Library/usbh_audio.o
                                      0xbb964 (size before relaxing)
 .debug_str     0x00000000000c3ace      0x607 Middlewares/USB_Host_Library/usbh_cdc.o
                                      0xbb0a2 (size before relaxing)
 .debug_str     0x00000000000c40d5      0x196 Middlewares/USB_Host_Library/usbh_core.o
                                      0xba5ca (size before relaxing)
 .debug_str     0x00000000000c426b      0x1b7 Middlewares/USB_Host_Library/usbh_ctlreq.o
                                      0xba59f (size before relaxing)
 .debug_str     0x00000000000c4422     0x10e2 Middlewares/USB_Host_Library/usbh_hid.o
                                      0xbcb21 (size before relaxing)
 .debug_str     0x00000000000c5504      0x2bd Middlewares/USB_Host_Library/usbh_hid_keybd.o
                                      0xbca98 (size before relaxing)
 .debug_str     0x00000000000c57c1      0x125 Middlewares/USB_Host_Library/usbh_hid_mouse.o
                                      0xbc920 (size before relaxing)
 .debug_str     0x00000000000c58e6       0x8e Middlewares/USB_Host_Library/usbh_ioreq.o
                                      0xba3d4 (size before relaxing)
 .debug_str     0x00000000000c5974      0x62e Middlewares/USB_Host_Library/usbh_msc.o
                                      0xbb025 (size before relaxing)
 .debug_str     0x00000000000c5fa2      0x11c Middlewares/USB_Host_Library/usbh_msc_bot.o
                                      0xbaf97 (size before relaxing)
 .debug_str     0x00000000000c60be       0x75 Middlewares/USB_Host_Library/usbh_msc_scsi.o
                                      0xbae53 (size before relaxing)
 .debug_str     0x00000000000c6133      0xdda Middlewares/USB_Host_Library/usbh_mtp.o
                                      0xbed0f (size before relaxing)
 .debug_str     0x00000000000c6f0d      0x211 Middlewares/USB_Host_Library/usbh_mtp_ptp.o
                                      0xbec61 (size before relaxing)
 .debug_str     0x00000000000c711e       0x73 Middlewares/USB_Host_Library/usbh_pipes.o
                                      0xba36a (size before relaxing)

.comment        0x0000000000000000       0x6e
 .comment       0x0000000000000000       0x6e Application/User/main.o
                                         0x6f (size before relaxing)
 .comment       0x000000000000006e       0x6f Application/User/stm32f4xx_hal_msp.o
 .comment       0x000000000000006e       0x6f Application/User/stm32f4xx_it.o
 .comment       0x000000000000006e       0x6f Application/User/usb_host.o
 .comment       0x000000000000006e       0x6f Application/User/usbh_conf.o
 .comment       0x000000000000006e       0x6f Drivers/CMSIS/system_stm32f4xx.o
 .comment       0x000000000000006e       0x6f Drivers/STM32F4xx_HAL_Driver/stm32f4xx_hal.o
 .comment       0x000000000000006e       0x6f Drivers/STM32F4xx_HAL_Driver/stm32f4xx_hal_cortex.o
 .comment       0x000000000000006e       0x6f Drivers/STM32F4xx_HAL_Driver/stm32f4xx_hal_gpio.o
 .comment       0x000000000000006e       0x6f Drivers/STM32F4xx_HAL_Driver/stm32f4xx_hal_hcd.o
 .comment       0x000000000000006e       0x6f Drivers/STM32F4xx_HAL_Driver/stm32f4xx_hal_rcc.o
 .comment       0x000000000000006e       0x6f Drivers/STM32F4xx_HAL_Driver/stm32f4xx_ll_usb.o
 .comment       0x000000000000006e       0x6f Middlewares/USB_Host_Library/usbh_audio.o
 .comment       0x000000000000006e       0x6f Middlewares/USB_Host_Library/usbh_cdc.o
 .comment       0x000000000000006e       0x6f Middlewares/USB_Host_Library/usbh_core.o
 .comment       0x000000000000006e       0x6f Middlewares/USB_Host_Library/usbh_ctlreq.o
 .comment       0x000000000000006e       0x6f Middlewares/USB_Host_Library/usbh_hid.o
 .comment       0x000000000000006e       0x6f Middlewares/USB_Host_Library/usbh_hid_keybd.o
 .comment       0x000000000000006e       0x6f Middlewares/USB_Host_Library/usbh_hid_mouse.o
 .comment       0x000000000000006e       0x6f Middlewares/USB_Host_Library/usbh_ioreq.o
 .comment       0x000000000000006e       0x6f Middlewares/USB_Host_Library/usbh_msc.o
 .comment       0x000000000000006e       0x6f Middlewares/USB_Host_Library/usbh_msc_bot.o
 .comment       0x000000000000006e       0x6f Middlewares/USB_Host_Library/usbh_msc_scsi.o
 .comment       0x000000000000006e       0x6f Middlewares/USB_Host_Library/usbh_mtp.o
 .comment       0x000000000000006e       0x6f Middlewares/USB_Host_Library/usbh_mtp_ptp.o
 .comment       0x000000000000006e       0x6f Middlewares/USB_Host_Library/usbh_pipes.o

.debug_frame    0x0000000000000000     0x2198
 .debug_frame   0x0000000000000000       0x5c Application/User/main.o
 .debug_frame   0x000000000000005c       0x2c Application/User/stm32f4xx_hal_msp.o
 .debug_frame   0x0000000000000088       0x3c Application/User/stm32f4xx_it.o
 .debug_frame   0x00000000000000c4       0x4c Application/User/usb_host.o
 .debug_frame   0x0000000000000110      0x1d8 Application/User/usbh_conf.o
 .debug_frame   0x00000000000002e8       0x30 Drivers/CMSIS/system_stm32f4xx.o
 .debug_frame   0x0000000000000318      0x184 Drivers/STM32F4xx_HAL_Driver/stm32f4xx_hal.o
 .debug_frame   0x000000000000049c      0x130 Drivers/STM32F4xx_HAL_Driver/stm32f4xx_hal_cortex.o
 .debug_frame   0x00000000000005cc       0xd4 Drivers/STM32F4xx_HAL_Driver/stm32f4xx_hal_gpio.o
 .debug_frame   0x00000000000006a0      0x1e8 Drivers/STM32F4xx_HAL_Driver/stm32f4xx_hal_hcd.o
 .debug_frame   0x0000000000000888      0x138 Drivers/STM32F4xx_HAL_Driver/stm32f4xx_hal_rcc.o
 .debug_frame   0x00000000000009c0      0x47c Drivers/STM32F4xx_HAL_Driver/stm32f4xx_ll_usb.o
 .debug_frame   0x0000000000000e3c      0x18c Middlewares/USB_Host_Library/usbh_audio.o
 .debug_frame   0x0000000000000fc8      0x140 Middlewares/USB_Host_Library/usbh_cdc.o
 .debug_frame   0x0000000000001108      0x17c Middlewares/USB_Host_Library/usbh_core.o
 .debug_frame   0x0000000000001284      0x104 Middlewares/USB_Host_Library/usbh_ctlreq.o
 .debug_frame   0x0000000000001388      0x1bc Middlewares/USB_Host_Library/usbh_hid.o